 png

 Timestamp is 6495d2b5 (Fri Jun 23 12:13:25 2023)

 Preferred load address is 0000000140000000

 Start         Length     Name                   Class
 0001:00000000 0004d0c0H .text$mn                CODE
 0001:0004d0c0 00000040H .text$mn$00             CODE
 0001:0004d100 000007edH .text$x                 CODE
 0002:00000000 00000290H .idata$5                DATA
 0002:00000290 00000038H .00cfg                  DATA
 0002:000002c8 00000008H .CRT$XCA                DATA
 0002:000002d0 00000008H .CRT$XCAA               DATA
 0002:000002d8 00000008H .CRT$XCZ                DATA
 0002:000002e0 00000008H .CRT$XIA                DATA
 0002:000002e8 00000008H .CRT$XIAA               DATA
 0002:000002f0 00000008H .CRT$XIAC               DATA
 0002:000002f8 00000020H .CRT$XIC                DATA
 0002:00000318 00000008H .CRT$XIZ                DATA
 0002:00000320 00000008H .CRT$XPA                DATA
 0002:00000328 00000010H .CRT$XPX                DATA
 0002:00000338 00000008H .CRT$XPXA               DATA
 0002:00000340 00000008H .CRT$XPZ                DATA
 0002:00000348 00000008H .CRT$XTA                DATA
 0002:00000350 00000010H .CRT$XTZ                DATA
 0002:00000358 00000000H .gehcont$y              DATA
 0002:00000358 00000000H .gfids$y                DATA
 0002:00000360 00013d20H .rdata                  DATA
 0002:00014080 00000000H .rdata$CastGuardVftablesA DATA
 0002:00014080 00000000H .rdata$CastGuardVftablesC DATA
 0002:00014080 0000016cH .rdata$r                DATA
 0002:000141ec 000000ecH .rdata$voltmd           DATA
 0002:000142d8 00000370H .rdata$zzzdbg           DATA
 0002:00014648 00000008H .rtc$IAA                DATA
 0002:00014650 00000008H .rtc$IZZ                DATA
 0002:00014658 00000008H .rtc$TAA                DATA
 0002:00014660 00000008H .rtc$TZZ                DATA
 0002:00014668 000015a0H .xdata                  DATA
 0002:00015c08 00000084H .xdata$x                DATA
 0002:00015c8c 00000000H .edata                  DATA
 0002:00015c8c 00000014H .idata$2                DATA
 0002:00015ca0 00000018H .idata$3                DATA
 0002:00015cb8 00000290H .idata$4                DATA
 0002:00015f48 000005dcH .idata$6                DATA
 0003:00000000 00000ba0H .data                   DATA
 0003:00000ba0 00000050H .data$r                 DATA
 0003:00000bf0 00000020H .data$rs                DATA
 0003:00000c10 00001868H .bss                    DATA
 0004:00000000 0000387cH .pdata                  DATA
 0005:00000000 0000015cH _RDATA                  DATA

  Address         Publics by Value              Rva+Base               Lib:Object

 0000:00000000       __AbsoluteZero             0000000000000000     <absolute>
 0000:00000000       ___safe_se_handler_count   0000000000000000     <absolute>
 0000:00000000       ___safe_se_handler_table   0000000000000000     <absolute>
 0000:00000000       __arm64x_extra_rfe_table   0000000000000000     <absolute>
 0000:00000000       __arm64x_extra_rfe_table_size 0000000000000000     <absolute>
 0000:00000000       __arm64x_native_entrypoint 0000000000000000     <absolute>
 0000:00000000       __arm64x_redirection_metadata 0000000000000000     <absolute>
 0000:00000000       __arm64x_redirection_metadata_count 0000000000000000     <absolute>
 0000:00000000       __dynamic_value_reloc_table 0000000000000000     <absolute>
 0000:00000000       __enclave_config           0000000000000000     <absolute>
 0000:00000000       __guard_check_icall_a64n_fptr 0000000000000000     <absolute>
 0000:00000000       __guard_eh_cont_count      0000000000000000     <absolute>
 0000:00000000       __guard_eh_cont_table      0000000000000000     <absolute>
 0000:00000000       __guard_fids_count         0000000000000000     <absolute>
 0000:00000000       __guard_fids_table         0000000000000000     <absolute>
 0000:00000000       __guard_iat_count          0000000000000000     <absolute>
 0000:00000000       __guard_iat_table          0000000000000000     <absolute>
 0000:00000000       __guard_longjmp_count      0000000000000000     <absolute>
 0000:00000000       __guard_longjmp_table      0000000000000000     <absolute>
 0000:00000000       __hybrid_auxiliary_iat     0000000000000000     <absolute>
 0000:00000000       __hybrid_auxiliary_iat_copy 0000000000000000     <absolute>
 0000:00000000       __hybrid_code_map          0000000000000000     <absolute>
 0000:00000000       __hybrid_code_map_count    0000000000000000     <absolute>
 0000:00000000       __x64_code_ranges_to_entry_points 0000000000000000     <absolute>
 0000:00000000       __x64_code_ranges_to_entry_points_count 0000000000000000     <absolute>
 0000:00000100       __guard_flags              0000000000000100     <absolute>
 0000:00000000       __ImageBase                0000000140000000     <linker-defined>
 0001:00000000       ?read_file@@YA?AUFile_Result@@PEAD@Z 0000000140001000 f   png.obj
 0001:00000110       ?free_file@@YAXUFile_Result@@@Z 0000000140001110 f   png.obj
 0001:00000140       ?write_file@@YA_NPEADPEAXI@Z 0000000140001140 f   png.obj
 0001:00000200       ?EndianSwap@@YAXPEAI@Z     0000000140001200 f   png.obj
 0001:00000260       ?ConsumeDataSize@@YAPEAXPEAPEAEI@Z 0000000140001260 f   png.obj
 0001:000002a0       ?ConsumeDataSizeLong@@YAPEAXPEAPEAE_K@Z 00000001400012a0 f   png.obj
 0001:000002e0       ?PushDataSize@@YAIPEAPEAEPEAEI@Z 00000001400012e0 f   png.obj
 0001:00000350       ?calc_line_length@@YAIPEADI@Z 0000000140001350 f   png.obj
 0001:000003b0       ?copy_line_to_buffer@@YAXPEAD0PEAI@Z 00000001400013b0 f   png.obj
 0001:00000420       ?ReadDataBits@@YAIPEAPEAUDeflate_Block_Data@@E@Z 0000000140001420 f   png.obj
 0001:000005b0       ?PeakBitsInReverseForHuffman@@YAIPEAUDeflate_Block_Data@@I@Z 00000001400015b0 f   png.obj
 0001:00000720       ?BuildHuffmanCodesFromCodeLengthCounts@@YAXPEAEIPEAI@Z 0000000140001720 f   png.obj
 0001:00000950       ?DecodeHuffmanSymbol@@YA_NPEAPEAUDeflate_Block_Data@@PEAIPEAEI1@Z 0000000140001950 f   png.obj
 0001:00000a10       ?deflate_decompress@@YAIPEAUDeflate_Block_Data@@PEAE@Z 0000000140001a10 f   png.obj
 0001:00001350       ?deflate_decompress@@YAIPEAEI0@Z 0000000140002350 f   png.obj
 0001:000013e0       ?PaethPredictor@@YAEEEE@Z  00000001400023e0 f   png.obj
 0001:000014b0       ?defilter_pass@@YAXPEAEIII@Z 00000001400024b0 f   png.obj
 0001:000016c0       ?LoadPNG@@YA?AUImage@@UFile_Result@@@Z 00000001400026c0 f   png.obj
 0001:00002180       ?dataReadTest@@YAXXZ       0000000140003180 f   png.obj
 0001:000022f0       main                       00000001400032f0 f   png.obj
 0001:000023b0       __local_stdio_printf_options 00000001400033b0 f i png.obj
 0001:000023c0       _vfprintf_l                00000001400033c0 f i png.obj
 0001:00002410       printf                     0000000140003410 f i png.obj
 0001:00002470       __GSHandlerCheck           0000000140003470 f   LIBCMTD:gshandler.obj
 0001:000024b0       __GSHandlerCheckCommon     00000001400034b0 f   LIBCMTD:gshandler.obj
 0001:000025c0       __security_check_cookie    00000001400035c0 f   LIBCMTD:amdsecgs.obj
 0001:00002890       ?configure_argv@__scrt_narrow_argv_policy@@SAHXZ 0000000140003890 f i LIBCMTD:exe_main.obj
 0001:000028b0       ?initialize_environment@__scrt_narrow_environment_policy@@SAHXZ 00000001400038b0 f i LIBCMTD:exe_main.obj
 0001:00002900       ?set_app_type@__scrt_main_policy@@SAXXZ 0000000140003900 f i LIBCMTD:exe_main.obj
 0001:00002920       ?set_commode@__scrt_file_policy@@SAXXZ 0000000140003920 f i LIBCMTD:exe_main.obj
 0001:00002940       ?set_fmode@__scrt_file_policy@@SAXXZ 0000000140003940 f i LIBCMTD:exe_main.obj
 0001:00002960       mainCRTStartup             0000000140003960 f   LIBCMTD:exe_main.obj
 0001:00002980       __raise_securityfailure    0000000140003980 f   LIBCMTD:gs_report.obj
 0001:000029c0       __report_gsfailure         00000001400039c0 f   LIBCMTD:gs_report.obj
 0001:00002aa0       __report_rangecheckfailure 0000000140003aa0 f   LIBCMTD:gs_report.obj
 0001:00002ac0       __report_securityfailure   0000000140003ac0 f   LIBCMTD:gs_report.obj
 0001:00002e20       NtCurrentTeb               0000000140003e20 f i LIBCMTD:utility.obj
 0001:00002e30       __scrt_acquire_startup_lock 0000000140003e30 f   LIBCMTD:utility.obj
 0001:00002ea0       __scrt_initialize_crt      0000000140003ea0 f   LIBCMTD:utility.obj
 0001:00002ef0       __scrt_initialize_onexit_tables 0000000140003ef0 f   LIBCMTD:utility.obj
 0001:00003000       __scrt_is_nonwritable_in_current_image 0000000140004000 f   LIBCMTD:utility.obj
 0001:00003090       __scrt_release_startup_lock 0000000140004090 f   LIBCMTD:utility.obj
 0001:000030c0       __scrt_uninitialize_crt    00000001400040c0 f   LIBCMTD:utility.obj
 0001:00003100       _onexit                    0000000140004100 f   LIBCMTD:utility.obj
 0001:00003180       atexit                     0000000140004180 f   LIBCMTD:utility.obj
 0001:00003280       __security_init_cookie     0000000140004280 f   LIBCMTD:gs_support.obj
 0001:00003300       ?get_current_state_index@__crt_state_management@@YA_KAEBV__crt_scoped_get_last_error_reset@@@Z 0000000140004300 f   libucrtd:fclose.obj
 0001:00003300       _matherr                   0000000140004300 f   LIBCMTD:matherr.obj
 0001:00003310       _get_startup_argv_mode     0000000140004310 f   LIBCMTD:argv_mode.obj
 0001:00003320       ?get_current_state_index@__crt_state_management@@YA_KXZ 0000000140004320 f   libucrtd:matherr.obj
 0001:00003320       ?get_invalid_value@__crt_hmodule_traits@@SAPEAUHINSTANCE__@@XZ 0000000140004320 f   libucrtd:exit.obj
 0001:00003320       __scrt_exe_initialize_mta  0000000140004320 f   LIBCMTD:utility_desktop.obj
 0001:00003320       __scrt_initialize_winrt    0000000140004320 f   LIBCMTD:utility_desktop.obj
 0001:00003320       __scrt_stub_for_initialize_mta 0000000140004320 f   LIBCMTD:utility_desktop.obj
 0001:00003320       _get_startup_commit_mode   0000000140004320 f   LIBCMTD:commit_mode.obj
 0001:00003320       _get_startup_new_mode      0000000140004320 f   LIBCMTD:new_mode.obj
 0001:00003320       _get_startup_thread_locale_mode 0000000140004320 f   LIBCMTD:thread_locale.obj
 0001:00003330       _get_startup_file_mode     0000000140004330 f   LIBCMTD:file_mode.obj
 0001:00003340       ?__scrt_initialize_type_info@@YAXXZ 0000000140004340 f   LIBCMTD:tncleanup.obj
 0001:00003360       _should_initialize_environment 0000000140004360 f   LIBCMTD:env_mode.obj
 0001:00003370       _initialize_denormal_control 0000000140004370 f   LIBCMTD:denormal_control.obj
 0001:00003370       _initialize_invalid_parameter_handler 0000000140004370 f   LIBCMTD:invalid_parameter_handler.obj
 0001:00003380       __local_stdio_scanf_options 0000000140004380 f i LIBCMTD:default_local_stdio_options.obj
 0001:00003390       __scrt_initialize_default_local_stdio_options 0000000140004390 f   LIBCMTD:default_local_stdio_options.obj
 0001:000033e0       __scrt_is_user_matherr_present 00000001400043e0 f   LIBCMTD:matherr_detection.obj
 0001:00003410       __scrt_get_dyn_tls_init_callback 0000000140004410 f   LIBCMTD:dyn_tls_init.obj
 0001:00003420       __scrt_get_dyn_tls_dtor_callback 0000000140004420 f   LIBCMTD:dyn_tls_dtor.obj
 0001:00003430       __crt_debugger_hook        0000000140004430 f   LIBCMTD:utility_desktop.obj
 0001:00003440       __scrt_fastfail            0000000140004440 f   LIBCMTD:utility_desktop.obj
 0001:000035e0       __scrt_initialize_mta      00000001400045e0 f   LIBCMTD:utility_desktop.obj
 0001:000035f0       __scrt_is_managed_app      00000001400045f0 f   LIBCMTD:utility_desktop.obj
 0001:000036a0       __scrt_set_unhandled_exception_filter 00000001400046a0 f   LIBCMTD:utility_desktop.obj
 0001:000036c0       __scrt_unhandled_exception_filter 00000001400046c0 f   LIBCMTD:utility_desktop.obj
 0001:00003760       _RTC_Initialize            0000000140004760 f   LIBCMTD:initsect.obj
 0001:000037b0       _RTC_Terminate             00000001400047b0 f   LIBCMTD:initsect.obj
 0001:00003800       ??1?$__crt_simd_cleanup_guard@$0A@@@QEAA@XZ 0000000140004800 f i libucrtd:strnlen.obj
 0001:00003800       ??1scoped_global_state_reset@__crt_state_management@@QEAA@XZ 0000000140004800 f i libucrtd:onexit.obj
 0001:00003800       _guard_check_icall_nop     0000000140004800 f i LIBCMTD:guard_support.obj
 0001:00003810       ReadNoFence64              0000000140004810 f i LIBCMTD:guard_support.obj
 0001:00003830       ReadPointerNoFence         0000000140004830 f i LIBCMTD:guard_support.obj
 0001:00003850       _guard_icall_checks_enforced 0000000140004850 f i LIBCMTD:guard_support.obj
 0001:00003890       __isa_available_init       0000000140004890 f   LIBCMTD:cpu_disp.obj
 0001:00003c40       __scrt_is_ucrt_dll_in_use  0000000140004c40 f   LIBCMTD:ucrt_detection.obj
 0001:00003c80       memset_repstos             0000000140004c80 f   libvcruntimed:memset.obj
 0001:00003ca0       memset                     0000000140004ca0 f   libvcruntimed:memset.obj
 0001:00004030       __C_specific_handler       0000000140005030 f   libvcruntimed:riscchandler.obj
 0001:000044a0       __vcrt_initialize          00000001400054a0 f   libvcruntimed:initialization.obj
 0001:000044e0       __vcrt_uninitialize        00000001400054e0 f   libvcruntimed:initialization.obj
 0001:00004500       ??$?RD@__crt_internal_free_policy@@QEBAXQEBD@Z 0000000140005500 f i libvcruntimed:std_type_info.obj
 0001:00004500       ??$?RE@__crt_internal_free_policy@@QEBAXQEBE@Z 0000000140005500 f i libucrtd:argv_parsing.obj
 0001:00004500       ??$?RP6AXXZ@__crt_internal_free_policy@@QEBAXQEBQ6AXXZ@Z 0000000140005500 f i libucrtd:onexit.obj
 0001:00004500       ??$?RPEAD@__crt_internal_free_policy@@QEBAXQEBQEAD@Z 0000000140005500 f i libucrtd:argv_parsing.obj
 0001:00004500       ??$?RPEAU__crt_stdio_stream_data@@@__crt_internal_free_policy@@QEBAXQEBQEAU__crt_stdio_stream_data@@@Z 0000000140005500 f i libucrtd:_file.obj
 0001:00004500       ??$?RPEA_W@__crt_internal_free_policy@@QEBAXQEBQEA_W@Z 0000000140005500 f i libucrtd:argv_parsing.obj
 0001:00004500       ??$?RU__acrt_ptd@@@__crt_internal_free_policy@@QEBAXQEBU__acrt_ptd@@@Z 0000000140005500 f i libucrtd:per_thread_data.obj
 0001:00004500       ??$?RU__crt_lowio_handle_data@@@__crt_internal_free_policy@@QEBAXQEBU__crt_lowio_handle_data@@@Z 0000000140005500 f i libucrtd:osfinfo.obj
 0001:00004500       ??$?RU__crt_multibyte_data@@@__crt_internal_free_policy@@QEBAXQEBU__crt_multibyte_data@@@Z 0000000140005500 f i libucrtd:wsetlocale.obj
 0001:00004500       ??$?RU__crt_stdio_stream_data@@@__crt_internal_free_policy@@QEBAXQEBU__crt_stdio_stream_data@@@Z 0000000140005500 f i libucrtd:stream.obj
 0001:00004500       ??$?RU__vcrt_ptd@@@__crt_internal_free_policy@@QEBAXQEBU__vcrt_ptd@@@Z 0000000140005500 f i libvcruntimed:per_thread_data.obj
 0001:00004530       ??0?$__crt_scoped_stack_ptr@_W@@QEAA@U?$__crt_scoped_stack_ptr_tag@_W@@@Z 0000000140005530 f i libucrtd:getstringtypea.obj
 0001:00004530       ??0?$__crt_scoped_stack_ptr_tag@_W@@QEAA@QEA_W@Z 0000000140005530 f i libucrtd:getstringtypea.obj
 0001:00004530       ??0?$__crt_unique_handle_t@U__crt_findfile_traits@@@@QEAA@QEAX@Z 0000000140005530 f i libucrtd:argv_wildcards.obj
 0001:00004530       ??0?$__crt_unique_handle_t@U__crt_hmodule_traits@@@@QEAA@QEAUHINSTANCE__@@@Z 0000000140005530 f i libucrtd:exit.obj
 0001:00004530       ??0?$__crt_unique_heap_ptr@DU__crt_internal_free_policy@@@@QEAA@QEAD@Z 0000000140005530 f i libvcruntimed:std_type_info.obj
 0001:00004530       ??0?$__crt_unique_heap_ptr@DU__crt_public_free_policy@@@@QEAA@QEAD@Z 0000000140005530 f i libvcruntimed:std_exception.obj
 0001:00004530       ??0?$__crt_unique_heap_ptr@EU__crt_internal_free_policy@@@@QEAA@QEAE@Z 0000000140005530 f i libucrtd:argv_parsing.obj
 0001:00004530       ??0?$__crt_unique_heap_ptr@P6AXXZU__crt_internal_free_policy@@@@QEAA@QEAP6AXXZ@Z 0000000140005530 f i libucrtd:onexit.obj
 0001:00004530       ??0?$__crt_unique_heap_ptr@PEADU__crt_internal_free_policy@@@@QEAA@QEAPEAD@Z 0000000140005530 f i libucrtd:argv_parsing.obj
 0001:00004530       ??0?$__crt_unique_heap_ptr@PEAU__crt_stdio_stream_data@@U__crt_internal_free_policy@@@@QEAA@QEAPEAU__crt_stdio_stream_data@@@Z 0000000140005530 f i libucrtd:_file.obj
 0001:00004530       ??0?$__crt_unique_heap_ptr@PEA_WU__crt_internal_free_policy@@@@QEAA@QEAPEA_W@Z 0000000140005530 f i libucrtd:argv_parsing.obj
 0001:00004530       ??0?$__crt_unique_heap_ptr@U__acrt_ptd@@U__crt_internal_free_policy@@@@QEAA@QEAU__acrt_ptd@@@Z 0000000140005530 f i libucrtd:per_thread_data.obj
 0001:00004530       ??0?$__crt_unique_heap_ptr@U__crt_lowio_handle_data@@U__crt_internal_free_policy@@@@QEAA@QEAU__crt_lowio_handle_data@@@Z 0000000140005530 f i libucrtd:osfinfo.obj
 0001:00004530       ??0?$__crt_unique_heap_ptr@U__crt_multibyte_data@@U__crt_internal_free_policy@@@@QEAA@QEAU__crt_multibyte_data@@@Z 0000000140005530 f i libucrtd:wsetlocale.obj
 0001:00004530       ??0?$__crt_unique_heap_ptr@U__crt_stdio_stream_data@@U__crt_internal_free_policy@@@@QEAA@QEAU__crt_stdio_stream_data@@@Z 0000000140005530 f i libucrtd:stream.obj
 0001:00004530       ??0?$__crt_unique_heap_ptr@U__vcrt_ptd@@U__crt_internal_free_policy@@@@QEAA@QEAU__vcrt_ptd@@@Z 0000000140005530 f i libvcruntimed:per_thread_data.obj
 0001:00004530       ??0?$string_output_adapter@D@__crt_stdio_output@@QEAA@QEAU?$string_output_adapter_context@D@1@@Z 0000000140005530 f i libucrtd:output.obj
 0001:00004530       ??0?$string_output_adapter@_W@__crt_stdio_output@@QEAA@QEAU?$string_output_adapter_context@_W@1@@Z 0000000140005530 f i libucrtd:output.obj
 0001:00004530       ??0__crt_stdio_stream@@QEAA@QEAU__crt_stdio_stream_data@@@Z 0000000140005530 f i libucrtd:closeall.obj
 0001:00004530       ??0__crt_stdio_stream@@QEAA@QEAU_iobuf@@@Z 0000000140005530 f i libucrtd:_file.obj
 0001:00004550       ??1?$__crt_unique_heap_ptr@DU__crt_internal_free_policy@@@@QEAA@XZ 0000000140005550 f i libvcruntimed:std_type_info.obj
 0001:00004550       ??1?$__crt_unique_heap_ptr@EU__crt_internal_free_policy@@@@QEAA@XZ 0000000140005550 f i libucrtd:argv_parsing.obj
 0001:00004550       ??1?$__crt_unique_heap_ptr@P6AXXZU__crt_internal_free_policy@@@@QEAA@XZ 0000000140005550 f i libucrtd:onexit.obj
 0001:00004550       ??1?$__crt_unique_heap_ptr@PEADU__crt_internal_free_policy@@@@QEAA@XZ 0000000140005550 f i libucrtd:argv_parsing.obj
 0001:00004550       ??1?$__crt_unique_heap_ptr@PEAU__crt_stdio_stream_data@@U__crt_internal_free_policy@@@@QEAA@XZ 0000000140005550 f i libucrtd:_file.obj
 0001:00004550       ??1?$__crt_unique_heap_ptr@PEA_WU__crt_internal_free_policy@@@@QEAA@XZ 0000000140005550 f i libucrtd:argv_parsing.obj
 0001:00004550       ??1?$__crt_unique_heap_ptr@U__acrt_ptd@@U__crt_internal_free_policy@@@@QEAA@XZ 0000000140005550 f i libucrtd:per_thread_data.obj
 0001:00004550       ??1?$__crt_unique_heap_ptr@U__crt_lowio_handle_data@@U__crt_internal_free_policy@@@@QEAA@XZ 0000000140005550 f i libucrtd:osfinfo.obj
 0001:00004550       ??1?$__crt_unique_heap_ptr@U__crt_multibyte_data@@U__crt_internal_free_policy@@@@QEAA@XZ 0000000140005550 f i libucrtd:wsetlocale.obj
 0001:00004550       ??1?$__crt_unique_heap_ptr@U__crt_stdio_stream_data@@U__crt_internal_free_policy@@@@QEAA@XZ 0000000140005550 f i libucrtd:stream.obj
 0001:00004550       ??1?$__crt_unique_heap_ptr@U__vcrt_ptd@@U__crt_internal_free_policy@@@@QEAA@XZ 0000000140005550 f i libvcruntimed:per_thread_data.obj
 0001:00004570       ??B?$__crt_unique_heap_ptr@DU__crt_internal_free_policy@@@@QEBA_NXZ 0000000140005570 f i libvcruntimed:std_type_info.obj
 0001:00004570       ??B?$__crt_unique_heap_ptr@DU__crt_public_free_policy@@@@QEBA_NXZ 0000000140005570 f i libvcruntimed:std_exception.obj
 0001:00004570       ??B?$__crt_unique_heap_ptr@EU__crt_internal_free_policy@@@@QEBA_NXZ 0000000140005570 f i libucrtd:argv_parsing.obj
 0001:00004570       ??B?$__crt_unique_heap_ptr@PEADU__crt_internal_free_policy@@@@QEBA_NXZ 0000000140005570 f i libucrtd:environment_initialization.obj
 0001:00004570       ??B?$__crt_unique_heap_ptr@U__acrt_ptd@@U__crt_internal_free_policy@@@@QEBA_NXZ 0000000140005570 f i libucrtd:per_thread_data.obj
 0001:00004570       ??B?$__crt_unique_heap_ptr@U__crt_lowio_handle_data@@U__crt_internal_free_policy@@@@QEBA_NXZ 0000000140005570 f i libucrtd:osfinfo.obj
 0001:00004570       ??B?$__crt_unique_heap_ptr@U__crt_multibyte_data@@U__crt_internal_free_policy@@@@QEBA_NXZ 0000000140005570 f i libucrtd:wsetlocale.obj
 0001:00004570       ??B?$__crt_unique_heap_ptr@U__vcrt_ptd@@U__crt_internal_free_policy@@@@QEBA_NXZ 0000000140005570 f i libvcruntimed:per_thread_data.obj
 0001:00004590       ?__crt_interlocked_read_64@@YA_JPED_J@Z 0000000140005590 f i libvcruntimed:std_type_info.obj
 0001:000045b0       ??C__crt_stdio_stream@@QEBAPEAU__crt_stdio_stream_data@@XZ 00000001400055b0 f i libucrtd:_file.obj
 0001:000045b0       ?get@?$__crt_scoped_stack_ptr@_W@@QEBAPEA_WXZ 00000001400055b0 f i libucrtd:getstringtypea.obj
 0001:000045b0       ?get@?$__crt_unique_handle_t@U__crt_findfile_traits@@@@QEBAPEAXXZ 00000001400055b0 f i libucrtd:argv_wildcards.obj
 0001:000045b0       ?get@?$__crt_unique_handle_t@U__crt_hmodule_traits@@@@QEBAPEAUHINSTANCE__@@XZ 00000001400055b0 f i libucrtd:exit.obj
 0001:000045b0       ?get@?$__crt_unique_heap_ptr@DU__crt_internal_free_policy@@@@QEBAPEADXZ 00000001400055b0 f i libvcruntimed:std_type_info.obj
 0001:000045b0       ?get@?$__crt_unique_heap_ptr@DU__crt_public_free_policy@@@@QEBAPEADXZ 00000001400055b0 f i libvcruntimed:std_exception.obj
 0001:000045b0       ?get@?$__crt_unique_heap_ptr@EU__crt_internal_free_policy@@@@QEBAPEAEXZ 00000001400055b0 f i libucrtd:argv_parsing.obj
 0001:000045b0       ?get@?$__crt_unique_heap_ptr@PEADU__crt_internal_free_policy@@@@QEBAPEAPEADXZ 00000001400055b0 f i libucrtd:argv_parsing.obj
 0001:000045b0       ?get@?$__crt_unique_heap_ptr@U__acrt_ptd@@U__crt_internal_free_policy@@@@QEBAPEAU__acrt_ptd@@XZ 00000001400055b0 f i libucrtd:per_thread_data.obj
 0001:000045b0       ?get@?$__crt_unique_heap_ptr@U__crt_lowio_handle_data@@U__crt_internal_free_policy@@@@QEBAPEAU__crt_lowio_handle_data@@XZ 00000001400055b0 f i libucrtd:osfinfo.obj
 0001:000045b0       ?get@?$__crt_unique_heap_ptr@U__crt_multibyte_data@@U__crt_internal_free_policy@@@@QEBAPEAU__crt_multibyte_data@@XZ 00000001400055b0 f i libucrtd:wsetlocale.obj
 0001:000045b0       ?get@?$__crt_unique_heap_ptr@U__vcrt_ptd@@U__crt_internal_free_policy@@@@QEBAPEAU__vcrt_ptd@@XZ 00000001400055b0 f i libvcruntimed:per_thread_data.obj
 0001:000045b0       ?public_stream@__crt_stdio_stream@@QEBAPEAU_iobuf@@XZ 00000001400055b0 f i libucrtd:fclose.obj
 0001:000045b0       ?save_state@?$c_string_character_source@D@__crt_strtox@@QEBAPEBDXZ 00000001400055b0 f i libucrtd:output.obj
 0001:000045b0       ?save_state@?$c_string_character_source@_W@__crt_strtox@@QEBAPEB_WXZ 00000001400055b0 f i libucrtd:output.obj
 0001:000045c0       ??B?$__crt_scoped_stack_ptr@_W@@QEBA_NXZ 00000001400055c0 f i libucrtd:lcmapstringa.obj
 0001:000045c0       ?is_valid@?$__crt_unique_heap_ptr@DU__crt_internal_free_policy@@@@QEBA_NXZ 00000001400055c0 f i libvcruntimed:std_type_info.obj
 0001:000045c0       ?is_valid@?$__crt_unique_heap_ptr@DU__crt_public_free_policy@@@@QEBA_NXZ 00000001400055c0 f i libvcruntimed:std_exception.obj
 0001:000045c0       ?is_valid@?$__crt_unique_heap_ptr@EU__crt_internal_free_policy@@@@QEBA_NXZ 00000001400055c0 f i libucrtd:argv_parsing.obj
 0001:000045c0       ?is_valid@?$__crt_unique_heap_ptr@PEADU__crt_internal_free_policy@@@@QEBA_NXZ 00000001400055c0 f i libucrtd:environment_initialization.obj
 0001:000045c0       ?is_valid@?$__crt_unique_heap_ptr@U__acrt_ptd@@U__crt_internal_free_policy@@@@QEBA_NXZ 00000001400055c0 f i libucrtd:per_thread_data.obj
 0001:000045c0       ?is_valid@?$__crt_unique_heap_ptr@U__crt_lowio_handle_data@@U__crt_internal_free_policy@@@@QEBA_NXZ 00000001400055c0 f i libucrtd:osfinfo.obj
 0001:000045c0       ?is_valid@?$__crt_unique_heap_ptr@U__crt_multibyte_data@@U__crt_internal_free_policy@@@@QEBA_NXZ 00000001400055c0 f i libucrtd:wsetlocale.obj
 0001:000045c0       ?is_valid@?$__crt_unique_heap_ptr@U__vcrt_ptd@@U__crt_internal_free_policy@@@@QEBA_NXZ 00000001400055c0 f i libvcruntimed:per_thread_data.obj
 0001:000045c0       ?valid@__crt_stdio_stream@@QEBA_NXZ 00000001400055c0 f i libucrtd:fclose.obj
 0001:000045f0       ?release@?$__crt_unique_heap_ptr@DU__crt_internal_free_policy@@@@QEAAXXZ 00000001400055f0 f i libvcruntimed:std_type_info.obj
 0001:000045f0       ?release@?$__crt_unique_heap_ptr@EU__crt_internal_free_policy@@@@QEAAXXZ 00000001400055f0 f i libucrtd:argv_parsing.obj
 0001:000045f0       ?release@?$__crt_unique_heap_ptr@P6AXXZU__crt_internal_free_policy@@@@QEAAXXZ 00000001400055f0 f i libucrtd:onexit.obj
 0001:000045f0       ?release@?$__crt_unique_heap_ptr@PEADU__crt_internal_free_policy@@@@QEAAXXZ 00000001400055f0 f i libucrtd:argv_parsing.obj
 0001:000045f0       ?release@?$__crt_unique_heap_ptr@PEAU__crt_stdio_stream_data@@U__crt_internal_free_policy@@@@QEAAXXZ 00000001400055f0 f i libucrtd:_file.obj
 0001:000045f0       ?release@?$__crt_unique_heap_ptr@PEA_WU__crt_internal_free_policy@@@@QEAAXXZ 00000001400055f0 f i libucrtd:argv_parsing.obj
 0001:000045f0       ?release@?$__crt_unique_heap_ptr@U__acrt_ptd@@U__crt_internal_free_policy@@@@QEAAXXZ 00000001400055f0 f i libucrtd:per_thread_data.obj
 0001:000045f0       ?release@?$__crt_unique_heap_ptr@U__crt_lowio_handle_data@@U__crt_internal_free_policy@@@@QEAAXXZ 00000001400055f0 f i libucrtd:osfinfo.obj
 0001:000045f0       ?release@?$__crt_unique_heap_ptr@U__crt_multibyte_data@@U__crt_internal_free_policy@@@@QEAAXXZ 00000001400055f0 f i libucrtd:wsetlocale.obj
 0001:000045f0       ?release@?$__crt_unique_heap_ptr@U__crt_stdio_stream_data@@U__crt_internal_free_policy@@@@QEAAXXZ 00000001400055f0 f i libucrtd:stream.obj
 0001:000045f0       ?release@?$__crt_unique_heap_ptr@U__vcrt_ptd@@U__crt_internal_free_policy@@@@QEAAXXZ 00000001400055f0 f i libvcruntimed:per_thread_data.obj
 0001:00004620       __std_type_info_compare    0000000140005620 f   libvcruntimed:std_type_info.obj
 0001:00004660       __DestructExceptionObject  0000000140005660 f   libvcruntimed:ehhelpers.obj
 0001:00004760       ?_CallMemberFunction0@@YAXQEAX0@Z 0000000140005760 f i libvcruntimed:ehhelpers.obj
 0001:00004830       _IsExceptionObjectToBeDestroyed 0000000140005830 f   libvcruntimed:ehhelpers.obj
 0001:00004880       __AdjustPointer            0000000140005880 f   libvcruntimed:ehhelpers.obj
 0001:00004900       __FrameUnwindFilter        0000000140005900 f   libvcruntimed:ehhelpers.obj
 0001:000049b0       __current_exception        00000001400059b0 f   libvcruntimed:ehhelpers.obj
 0001:000049d0       __current_exception_context 00000001400059d0 f   libvcruntimed:ehhelpers.obj
 0001:00004a00       _NLG_Notify                0000000140005a00 f   libvcruntimed:notify.obj
 0001:00004a20       __NLG_Dispatch2            0000000140005a20 f   libvcruntimed:notify.obj
 0001:00004a30       __NLG_Return2              0000000140005a30 f   libvcruntimed:notify.obj
 0001:00004a40       __except_validate_context_record 0000000140005a40 f   libvcruntimed:jbcxrval.obj
 0001:00004ae0       ?detach@?$__crt_unique_heap_ptr@DU__crt_internal_free_policy@@@@QEAAPEADXZ 0000000140005ae0 f i libucrtd:environment_initialization.obj
 0001:00004ae0       ?detach@?$__crt_unique_heap_ptr@DU__crt_public_free_policy@@@@QEAAPEADXZ 0000000140005ae0 f i libvcruntimed:std_exception.obj
 0001:00004ae0       ?detach@?$__crt_unique_heap_ptr@EU__crt_internal_free_policy@@@@QEAAPEAEXZ 0000000140005ae0 f i libucrtd:argv_parsing.obj
 0001:00004ae0       ?detach@?$__crt_unique_heap_ptr@P6AXXZU__crt_internal_free_policy@@@@QEAAPEAP6AXXZXZ 0000000140005ae0 f i libucrtd:onexit.obj
 0001:00004ae0       ?detach@?$__crt_unique_heap_ptr@PEADU__crt_internal_free_policy@@@@QEAAPEAPEADXZ 0000000140005ae0 f i libucrtd:argv_parsing.obj
 0001:00004ae0       ?detach@?$__crt_unique_heap_ptr@PEAU__crt_stdio_stream_data@@U__crt_internal_free_policy@@@@QEAAPEAPEAU__crt_stdio_stream_data@@XZ 0000000140005ae0 f i libucrtd:_file.obj
 0001:00004ae0       ?detach@?$__crt_unique_heap_ptr@PEA_WU__crt_internal_free_policy@@@@QEAAPEAPEA_WXZ 0000000140005ae0 f i libucrtd:argv_parsing.obj
 0001:00004ae0       ?detach@?$__crt_unique_heap_ptr@U__acrt_ptd@@U__crt_internal_free_policy@@@@QEAAPEAU__acrt_ptd@@XZ 0000000140005ae0 f i libucrtd:per_thread_data.obj
 0001:00004ae0       ?detach@?$__crt_unique_heap_ptr@U__crt_lowio_handle_data@@U__crt_internal_free_policy@@@@QEAAPEAU__crt_lowio_handle_data@@XZ 0000000140005ae0 f i libucrtd:osfinfo.obj
 0001:00004ae0       ?detach@?$__crt_unique_heap_ptr@U__crt_multibyte_data@@U__crt_internal_free_policy@@@@QEAAPEAU__crt_multibyte_data@@XZ 0000000140005ae0 f i libucrtd:wsetlocale.obj
 0001:00004ae0       ?detach@?$__crt_unique_heap_ptr@U__crt_stdio_stream_data@@U__crt_internal_free_policy@@@@QEAAPEAU__crt_stdio_stream_data@@XZ 0000000140005ae0 f i libucrtd:stream.obj
 0001:00004ae0       ?detach@?$__crt_unique_heap_ptr@U__vcrt_ptd@@U__crt_internal_free_policy@@@@QEAAPEAU__vcrt_ptd@@XZ 0000000140005ae0 f i libvcruntimed:per_thread_data.obj
 0001:00004b50       __vcrt_freefls             0000000140005b50 f   libvcruntimed:per_thread_data.obj
 0001:00004b90       __vcrt_getptd              0000000140005b90 f   libvcruntimed:per_thread_data.obj
 0001:00004bc0       __vcrt_getptd_noexit       0000000140005bc0 f   libvcruntimed:per_thread_data.obj
 0001:00004d60       __vcrt_initialize_ptd      0000000140005d60 f   libvcruntimed:per_thread_data.obj
 0001:00004db0       __vcrt_uninitialize_ptd    0000000140005db0 f   libvcruntimed:per_thread_data.obj
 0001:00004de0       __vcrt_initialize_locks    0000000140005de0 f   libvcruntimed:locks.obj
 0001:00004e50       __vcrt_uninitialize_locks  0000000140005e50 f   libvcruntimed:locks.obj
 0001:00004eb0       _vsprintf_s_l              0000000140005eb0 f i libvcruntimed:undname.obj
 0001:00004f20       sprintf_s                  0000000140005f20 f i libvcruntimed:undname.obj
 0001:00004f80       ??$__crt_interlocked_exchange_pointer@UHINSTANCE__@@PEAU1@@@YAPEAUHINSTANCE__@@PEDSEAU0@QEAU0@@Z 0000000140005f80 f i libvcruntimed:winapi_downlevel.obj
 0001:00004f80       ??$__crt_interlocked_exchange_pointer@UHINSTANCE__@@PEAX@@YAPEAUHINSTANCE__@@PEDSEAU0@QEAX@Z 0000000140005f80 f i libvcruntimed:winapi_downlevel.obj
 0001:00004f80       ??$__crt_interlocked_exchange_pointer@XPEAX@@YAPEAXPEDSEAXQEAX@Z 0000000140005f80 f i libvcruntimed:winapi_downlevel.obj
 0001:00004fa0       ??$__crt_interlocked_read_pointer@UHINSTANCE__@@@@YAPEAUHINSTANCE__@@PEDSEAU0@@Z 0000000140005fa0 f i libvcruntimed:winapi_downlevel.obj
 0001:00004fa0       ??$__crt_interlocked_read_pointer@X@@YAPEAXPEDSEAX@Z 0000000140005fa0 f i libvcruntimed:winapi_downlevel.obj
 0001:00004fc0       ?get_invalid_value@__crt_findfile_traits@@SAPEAXXZ 0000000140005fc0 f   libucrtd:argv_wildcards.obj
 0001:000054b0       __vcrt_FlsAlloc            00000001400064b0 f   libvcruntimed:winapi_downlevel.obj
 0001:00005500       __vcrt_FlsFree             0000000140006500 f   libvcruntimed:winapi_downlevel.obj
 0001:00005550       __vcrt_FlsGetValue         0000000140006550 f   libvcruntimed:winapi_downlevel.obj
 0001:000055a0       __vcrt_FlsSetValue         00000001400065a0 f   libvcruntimed:winapi_downlevel.obj
 0001:00005600       __vcrt_InitializeCriticalSectionEx 0000000140006600 f   libvcruntimed:winapi_downlevel.obj
 0001:00005680       memcpy_repmovs             0000000140006680 f   libvcruntimed:memcpy.obj
 0001:000056a0       memcpy                     00000001400066a0 f   libvcruntimed:memcpy.obj
 0001:000056a0       memmove                    00000001400066a0 f   libvcruntimed:memcpy.obj
 0001:00005d20       ??$?0AEAViterator@TryBlockMap@__FrameHandler3@@AEAV012@$0A@@?$pair@Viterator@TryBlockMap@__FrameHandler3@@V123@@std@@QEAA@AEAViterator@TryBlockMap@__FrameHandler3@@0@Z 0000000140006d20 f i libvcruntimed:risctrnsctrl.obj
 0001:00005e50       ??$_CallSETranslator@V__FrameHandler3@@@@YAHPEAUEHExceptionRecord@@PEA_KPEAU_CONTEXT@@PEAU_xDISPATCHER_CONTEXT@@PEBU_s_FuncInfo@@K1H@Z 0000000140006e50 f i libvcruntimed:risctrnsctrl.obj
 0001:00005ee0       ??$forward@AEAViterator@TryBlockMap@__FrameHandler3@@@std@@YAAEAViterator@TryBlockMap@__FrameHandler3@@AEAV123@@Z 0000000140006ee0 f i libvcruntimed:risctrnsctrl.obj
 0001:00005ee0       ?dangerous_get_state_array@?$dual_state_global@H@__crt_state_management@@QEAAPEAHXZ 0000000140006ee0 f i libucrtd:txtmode.obj
 0001:00005ee0       ?dangerous_get_state_array@?$dual_state_global@P6AXPEB_W00I_K@Z@__crt_state_management@@QEAAPEAP6AXPEB_W00I_K@ZXZ 0000000140006ee0 f i libucrtd:invalid_parameter.obj
 0001:00005ee0       ?dangerous_get_state_array@?$dual_state_global@PEAE@__crt_state_management@@QEAAPEAPEAEXZ 0000000140006ee0 f i libucrtd:mbctype.obj
 0001:00005ee0       ?dangerous_get_state_array@?$dual_state_global@PEAU__crt_locale_data@@@__crt_state_management@@QEAAPEAPEAU__crt_locale_data@@XZ 0000000140006ee0 f i libucrtd:per_thread_data.obj
 0001:00005ee0       ?dangerous_get_state_array@?$dual_state_global@PEAU__crt_multibyte_data@@@__crt_state_management@@QEAAPEAPEAU__crt_multibyte_data@@XZ 0000000140006ee0 f i libucrtd:mbctype.obj
 0001:00005ee0       ?debug_info@?$__crt_win32_buffer@DU__crt_win32_buffer_internal_dynamic_resizing@@@@QEBAAEBV__crt_win32_buffer_empty_debug_info@@XZ 0000000140006ee0 f i libucrtd:argv_wildcards.obj
 0001:00005ee0       ?debug_info@?$__crt_win32_buffer@DU__crt_win32_buffer_no_resizing@@@@QEBAAEBV__crt_win32_buffer_empty_debug_info@@XZ 0000000140006ee0 f i libucrtd:getmodulefilenamea.obj
 0001:00005ee0       ?debug_info@?$__crt_win32_buffer@_WU__crt_win32_buffer_internal_dynamic_resizing@@@@QEBAAEBV__crt_win32_buffer_empty_debug_info@@XZ 0000000140006ee0 f i libucrtd:argv_wildcards.obj
 0001:00005ee0       ?get_address_of@?$__crt_unique_handle_t@U__crt_hmodule_traits@@@@QEAAPEAPEAUHINSTANCE__@@XZ 0000000140006ee0 f i libucrtd:exit.obj
 0001:00005ee0       ?get_address_of@?$__crt_unique_heap_ptr@PEADU__crt_internal_free_policy@@@@QEAAPEAPEAPEADXZ 0000000140006ee0 f i libucrtd:argv_parsing.obj
 0001:00005ef0       ??0iterator@HandlerMap@__FrameHandler3@@QEAA@AEAV12@I@Z 0000000140006ef0 f i libvcruntimed:frame.obj
 0001:00005ef0       ??0iterator@TryBlockMap@__FrameHandler3@@QEAA@AEAV12@I@Z 0000000140006ef0 f i libvcruntimed:risctrnsctrl.obj
 0001:00005f20       ?CatchTryBlock@__FrameHandler3@@SAPEBU_s_TryBlockMapEntry@@PEBU_s_FuncInfo@@H@Z 0000000140006f20 f   libvcruntimed:risctrnsctrl.obj
 0001:00005fb0       ?ExecutionInCatch@__FrameHandler3@@SA_NPEAU_xDISPATCHER_CONTEXT@@PEBU_s_FuncInfo@@@Z 0000000140006fb0 f   libvcruntimed:risctrnsctrl.obj
 0001:00006000       ?FrameUnwindToEmptyState@__FrameHandler3@@SAXPEA_KPEAU_xDISPATCHER_CONTEXT@@PEBU_s_FuncInfo@@@Z 0000000140007000 f   libvcruntimed:risctrnsctrl.obj
 0001:000060a0       ?GetEstablisherFrame@__FrameHandler3@@SAPEA_KPEA_KPEAU_xDISPATCHER_CONTEXT@@PEBU_s_FuncInfo@@0@Z 00000001400070a0 f   libvcruntimed:risctrnsctrl.obj
 0001:00006210       ?GetRangeOfTrysToCheck@__FrameHandler3@@SA?AU?$pair@Viterator@TryBlockMap@__FrameHandler3@@V123@@std@@AEAVTryBlockMap@1@HPEAU_xDISPATCHER_CONTEXT@@PEBU_s_FuncInfo@@H@Z 0000000140007210 f   libvcruntimed:risctrnsctrl.obj
 0001:00006450       ?UnwindNestedFrames@__FrameHandler3@@SAXPEA_KPEAUEHExceptionRecord@@PEAU_CONTEXT@@0PEAXPEBU_s_FuncInfo@@HHPEBU_s_HandlerType@@PEAU_xDISPATCHER_CONTEXT@@E@Z 0000000140007450 f   libvcruntimed:risctrnsctrl.obj
 0001:000065c0       _CreateFrameInfo           00000001400075c0 f   libvcruntimed:risctrnsctrl.obj
 0001:00006630       _FindAndUnlinkFrame        0000000140007630 f   libvcruntimed:risctrnsctrl.obj
 0001:000066b0       _GetImageBase              00000001400076b0 f   libvcruntimed:risctrnsctrl.obj
 0001:000066d0       _GetThrowImageBase         00000001400076d0 f   libvcruntimed:risctrnsctrl.obj
 0001:000066f0       _SetImageBase              00000001400076f0 f   libvcruntimed:risctrnsctrl.obj
 0001:00006710       _SetThrowImageBase         0000000140007710 f   libvcruntimed:risctrnsctrl.obj
 0001:00006730       __CxxFrameHandler3         0000000140007730 f   libvcruntimed:risctrnsctrl.obj
 0001:00006810       ?GetCurrentState@__FrameHandler3@@SAHPEA_KPEAU_xDISPATCHER_CONTEXT@@PEBU_s_FuncInfo@@@Z 0000000140007810 f   libvcruntimed:ehstate.obj
 0001:00006870       ?GetUnwindTryBlock@__FrameHandler3@@SAHPEA_KPEAU_xDISPATCHER_CONTEXT@@PEBU_s_FuncInfo@@@Z 0000000140007870 f   libvcruntimed:ehstate.obj
 0001:000068c0       ?SetState@__FrameHandler3@@SAXPEA_KPEBU_s_FuncInfo@@H@Z 00000001400078c0 f   libvcruntimed:ehstate.obj
 0001:000068f0       ?SetUnwindTryBlock@__FrameHandler3@@SAXPEA_KPEAU_xDISPATCHER_CONTEXT@@PEBU_s_FuncInfo@@H@Z 00000001400078f0 f   libvcruntimed:ehstate.obj
 0001:00006960       ?StateFromControlPc@__FrameHandler3@@SAHPEBU_s_FuncInfo@@PEAU_xDISPATCHER_CONTEXT@@@Z 0000000140007960 f   libvcruntimed:ehstate.obj
 0001:000069a0       ?StateFromIp@__FrameHandler3@@SAHPEBU_s_FuncInfo@@PEAU_xDISPATCHER_CONTEXT@@_K@Z 00000001400079a0 f   libvcruntimed:ehstate.obj
 0001:00006a90       ?__RVAtoRealOffset@@YA_KPEAU_xDISPATCHER_CONTEXT@@H@Z 0000000140007a90 f i libvcruntimed:ehstate.obj
 0001:00007c60       ??$TypeMatchHelper@V__FrameHandler3@@@@YAHPEBU_s_HandlerType@@PEBU_s_CatchableType@@PEBU_s_ThrowInfo@@@Z 0000000140008c60 f i libvcruntimed:frame.obj
 0001:00007e60       ??$__InternalCxxFrameHandler@V__FrameHandler3@@@@YA?AW4_EXCEPTION_DISPOSITION@@PEAUEHExceptionRecord@@PEA_KPEAU_CONTEXT@@PEAU_xDISPATCHER_CONTEXT@@PEBU_s_FuncInfo@@H1E@Z 0000000140008e60 f i libvcruntimed:frame.obj
 0001:000082d0       ??$__InternalCxxFrameHandlerWrapper@V__FrameHandler3@@@@YA?AW4_EXCEPTION_DISPOSITION@@PEAUEHExceptionRecord@@PEA_KPEAU_CONTEXT@@PEAU_xDISPATCHER_CONTEXT@@PEBU_s_FuncInfo@@H1E@Z 00000001400092d0 f i libvcruntimed:frame.obj
 0001:00008340       ??0HandlerMap@__FrameHandler3@@QEAA@PEBU_s_TryBlockMapEntry@@_KI@Z 0000000140009340 f i libvcruntimed:frame.obj
 0001:00008390       ??0TryBlockMap@__FrameHandler3@@QEAA@PEBU_s_FuncInfo@@_K@Z 0000000140009390 f i libvcruntimed:frame.obj
 0001:000083c0       ??0bad_exception@std@@QEAA@AEBV01@@Z 00000001400093c0 f i libvcruntimed:frame.obj
 0001:00008400       ??0bad_exception@std@@QEAA@XZ 0000000140009400 f i libvcruntimed:frame.obj
 0001:00008440       ??0exception@std@@QEAA@AEBV01@@Z 0000000140009440 f i libvcruntimed:frame.obj
 0001:000084a0       ??0exception@std@@QEAA@QEBDH@Z 00000001400094a0 f i libvcruntimed:frame.obj
 0001:000084f0       ??1bad_exception@std@@UEAA@XZ 00000001400094f0 f i libvcruntimed:frame.obj
 0001:00008510       ??1exception@std@@UEAA@XZ  0000000140009510 f i libvcruntimed:frame.obj
 0001:00008540       ??8iterator@HandlerMap@__FrameHandler3@@QEBA_NAEBV012@@Z 0000000140009540 f i libvcruntimed:frame.obj
 0001:00008580       ??8type_info@@QEBA_NAEBV0@@Z 0000000140009580 f i libvcruntimed:frame.obj
 0001:00008600       ??9iterator@HandlerMap@__FrameHandler3@@QEBA_NAEBV012@@Z 0000000140009600 f i libvcruntimed:frame.obj
 0001:00008640       ??Diterator@HandlerMap@__FrameHandler3@@QEAA?BU_s_HandlerType@@XZ 0000000140009640 f i libvcruntimed:frame.obj
 0001:00008680       ??Diterator@TryBlockMap@__FrameHandler3@@QEAA?BU_s_TryBlockMapEntry@@XZ 0000000140009680 f i libvcruntimed:frame.obj
 0001:000086d0       ??Eiterator@HandlerMap@__FrameHandler3@@QEAAAEAV012@XZ 00000001400096d0 f i libvcruntimed:frame.obj
 0001:000086d0       ??Eiterator@TryBlockMap@__FrameHandler3@@QEAAAEAV012@XZ 00000001400096d0 f i libvcruntimed:frame.obj
 0001:000086f0       ??Miterator@TryBlockMap@__FrameHandler3@@QEBA_NAEBV012@@Z 00000001400096f0 f i libvcruntimed:frame.obj
 0001:00008730       ??_Ebad_exception@std@@UEAAPEAXI@Z 0000000140009730 f i libvcruntimed:frame.obj
 0001:00008730       ??_Gbad_exception@std@@UEAAPEAXI@Z 0000000140009730 f i libvcruntimed:frame.obj
 0001:00008770       ??_Eexception@std@@UEAAPEAXI@Z 0000000140009770 f i libvcruntimed:frame.obj
 0001:00008770       ??_Gexception@std@@UEAAPEAXI@Z 0000000140009770 f i libvcruntimed:frame.obj
 0001:000087b0       ?BuildCatchObject@__FrameHandler3@@SAXPEAUEHExceptionRecord@@PEAXPEBU_s_HandlerType@@PEBU_s_CatchableType@@@Z 00000001400097b0 f   libvcruntimed:frame.obj
 0001:000087f0       ?CxxCallCatchBlock@__FrameHandler3@@SAPEAXPEAU_EXCEPTION_RECORD@@@Z 00000001400097f0 f   libvcruntimed:frame.obj
 0001:00008b50       ?FrameUnwindToState@__FrameHandler3@@SAXPEA_KPEAU_xDISPATCHER_CONTEXT@@PEBU_s_FuncInfo@@H@Z 0000000140009b50 f   libvcruntimed:frame.obj
 0001:00008da0       ?GetHandlerSearchState@__FrameHandler3@@SAHPEA_KPEAU_xDISPATCHER_CONTEXT@@PEBU_s_FuncInfo@@@Z 0000000140009da0 f i libvcruntimed:frame.obj
 0001:00008e50       ?GetMaxState@__FrameHandler3@@SAHPEAU_xDISPATCHER_CONTEXT@@PEBU_s_FuncInfo@@@Z 0000000140009e50 f i libvcruntimed:frame.obj
 0001:00009050       ?TypeMatch@__FrameHandler3@@SAHPEBU_s_HandlerType@@PEBU_s_CatchableType@@PEBU_s_ThrowInfo@@@Z 000000014000a050 f   libvcruntimed:frame.obj
 0001:00009050       __TypeMatch                000000014000a050 f   libvcruntimed:frame.obj
 0001:00009080       ?_CallMemberFunction1@@YAXQEAX00@Z 000000014000a080 f i libvcruntimed:frame.obj
 0001:000090c0       ?_CallMemberFunction2@@YAXQEAX00H@Z 000000014000a0c0 f i libvcruntimed:frame.obj
 0001:00009150       ?begin@HandlerMap@__FrameHandler3@@QEAA?AViterator@12@XZ 000000014000a150 f i libvcruntimed:frame.obj
 0001:00009180       ?end@HandlerMap@__FrameHandler3@@QEAA?AViterator@12@XZ 000000014000a180 f i libvcruntimed:frame.obj
 0001:000091b0       ?getESTypes@__FrameHandler3@@SAPEBU_s_ESTypeList@@PEBU_s_FuncInfo@@@Z 000000014000a1b0 f i libvcruntimed:frame.obj
 0001:000091f0       ?getLastEntry@HandlerMap@__FrameHandler3@@QEAAPEBU_s_HandlerType@@XZ 000000014000a1f0 f i libvcruntimed:frame.obj
 0001:00009210       ?getMagicNum@__FrameHandler3@@SAIPEBU_s_FuncInfo@@@Z 000000014000a210 f i libvcruntimed:frame.obj
 0001:00009230       ?getNumTryBlocks@TryBlockMap@__FrameHandler3@@QEAAIXZ 000000014000a230 f i libvcruntimed:frame.obj
 0001:00009250       ?isEHs@__FrameHandler3@@SA_NPEBU_s_FuncInfo@@@Z 000000014000a250 f i libvcruntimed:frame.obj
 0001:00009290       ?isNoExcept@__FrameHandler3@@SA_NPEBU_s_FuncInfo@@@Z 000000014000a290 f i libvcruntimed:frame.obj
 0001:000092d0       ?what@exception@std@@UEBAPEBDXZ 000000014000a2d0 f i libvcruntimed:frame.obj
 0001:00009310       __vcrt_EncodePointer       000000014000a310 f i libvcruntimed:frame.obj
 0001:00009340       _CallSettingFrame          000000014000a340 f   libvcruntimed:handlers.obj
 0001:00009390       _CallSettingFrame_LookupContinuationIndex 000000014000a390 f   libvcruntimed:handlers.obj
 0001:000093c0       _CallSettingFrame_NotifyContinuationAddr 000000014000a3c0 f   libvcruntimed:handlers.obj
 0001:000093f0       _CallSettingFrameEncoded   000000014000a3f0 f   libvcruntimed:handlers.obj
 0001:00009440       ??$?RD@__crt_public_free_policy@@QEBAXQEBD@Z 000000014000a440 f i libvcruntimed:std_exception.obj
 0001:00009460       ??1?$__crt_unique_heap_ptr@DU__crt_public_free_policy@@@@QEAA@XZ 000000014000a460 f i libvcruntimed:std_exception.obj
 0001:00009480       ?release@?$__crt_unique_heap_ptr@DU__crt_public_free_policy@@@@QEAAXXZ 000000014000a480 f i libvcruntimed:std_exception.obj
 0001:000094b0       __std_exception_copy       000000014000a4b0 f   libvcruntimed:std_exception.obj
 0001:000095f0       __std_exception_destroy    000000014000a5f0 f   libvcruntimed:std_exception.obj
 0001:00009630       _CxxThrowException         000000014000a630 f   libvcruntimed:throw.obj
 0001:00009760       __acrt_initialize_stdio    000000014000a760 f   libucrtd:_file.obj
 0001:00009950       __acrt_iob_func            000000014000a950 f   libucrtd:_file.obj
 0001:00009970       __acrt_uninitialize_stdio  000000014000a970 f   libucrtd:_file.obj
 0001:00009a00       _lock_file                 000000014000aa00 f   libucrtd:_file.obj
 0001:00009a40       _unlock_file               000000014000aa40 f   libucrtd:_file.obj
 0001:00009a80       ??$__crt_interlocked_read@H@@YAHPEDH@Z 000000014000aa80 f i libucrtd:setmode.obj
 0001:00009a80       ??$__crt_interlocked_read@J@@YAJPEDJ@Z 000000014000aa80 f i libucrtd:fclose.obj
 0001:00009aa0       ??0?$cached@H@__crt_cached_ptd_host@@QEAA@XZ 000000014000aaa0 f i libucrtd:fclose.obj
 0001:00009aa0       ??0?$cached@K@__crt_cached_ptd_host@@QEAA@XZ 000000014000aaa0 f i libucrtd:fclose.obj
 0001:00009ac0       ??0__crt_cached_ptd_host@@QEAA@QEAU__crt_locale_pointers@@@Z 000000014000aac0 f i libucrtd:fclose.obj
 0001:00009b80       ??0__crt_scoped_get_last_error_reset@@QEAA@XZ 000000014000ab80 f i libucrtd:fclose.obj
 0001:00009ba0       ??1__crt_cached_ptd_host@@QEAA@XZ 000000014000aba0 f i libucrtd:fclose.obj
 0001:00009c50       ??1__crt_scoped_get_last_error_reset@@QEAA@XZ 000000014000ac50 f i libucrtd:fclose.obj
 0001:00009c70       ?__crt_interlocked_read_32@@YAHPEDH@Z 000000014000ac70 f i libucrtd:fclose.obj
 0001:00009fa0       ?check_synchronize_global_state_index@__crt_cached_ptd_host@@AEAA_KAEBV__crt_scoped_get_last_error_reset@@@Z 000000014000afa0 f i libucrtd:fclose.obj
 0001:00009fe0       ?check_synchronize_per_thread_data@__crt_cached_ptd_host@@AEAAPEAU__acrt_ptd@@XZ 000000014000afe0 f i libucrtd:fclose.obj
 0001:0000a020       ?force_synchronize_global_state_index@__crt_cached_ptd_host@@AEAA_KAEBV__crt_scoped_get_last_error_reset@@@Z 000000014000b020 f i libucrtd:fclose.obj
 0001:0000a060       ?force_synchronize_per_thread_data@__crt_cached_ptd_host@@AEAAPEAU__acrt_ptd@@XZ 000000014000b060 f i libucrtd:fclose.obj
 0001:0000a0c0       ?get_errno@__crt_cached_ptd_host@@QEAAAEAU?$cached@H@1@XZ 000000014000b0c0 f i libucrtd:fclose.obj
 0001:0000a0d0       ?get_flags@__crt_stdio_stream@@QEBAJXZ 000000014000b0d0 f i libucrtd:fclose.obj
 0001:0000a100       ?get_raw_ptd@__crt_cached_ptd_host@@QEAAPEAU__acrt_ptd@@XZ 000000014000b100 f i libucrtd:fclose.obj
 0001:0000a120       ?is_in_use@__crt_stdio_stream@@QEBA_NXZ 000000014000b120 f i libucrtd:fclose.obj
 0001:0000a160       ?is_string_backed@__crt_stdio_stream@@QEBA_NXZ 000000014000b160 f i libucrtd:fclose.obj
 0001:0000a1a0       ?set@?$cached@H@__crt_cached_ptd_host@@QEAAHH@Z 000000014000b1a0 f i libucrtd:fclose.obj
 0001:0000a1a0       ?set@?$cached@K@__crt_cached_ptd_host@@QEAAKK@Z 000000014000b1a0 f i libucrtd:errno.obj
 0001:0000a1d0       ?unsafe_value@?$cached@H@__crt_cached_ptd_host@@QEAAHXZ 000000014000b1d0 f i libucrtd:fclose.obj
 0001:0000a1d0       ?unsafe_value@?$cached@K@__crt_cached_ptd_host@@QEAAKXZ 000000014000b1d0 f i libucrtd:fclose.obj
 0001:0000a1e0       ?valid@?$cached@H@__crt_cached_ptd_host@@QEBA_NXZ 000000014000b1e0 f i libucrtd:fclose.obj
 0001:0000a1e0       ?valid@?$cached@K@__crt_cached_ptd_host@@QEBA_NXZ 000000014000b1e0 f i libucrtd:fclose.obj
 0001:0000a1f0       __acrt_enable_global_locale_sync 000000014000b1f0 f i libucrtd:fclose.obj
 0001:0000a220       __acrt_locale_changed      000000014000b220 f i libucrtd:fclose.obj
 0001:0000a250       fclose                     000000014000b250 f   libucrtd:fclose.obj
 0001:0000a290       ?error@__crt_stdio_stream@@QEBA_NXZ 000000014000b290 f i libucrtd:feoferr.obj
 0001:0000a2b0       ?has_any_of@__crt_stdio_stream@@QEBA_NJ@Z 000000014000b2b0 f i libucrtd:feoferr.obj
 0001:0000a2f0       ferror                     000000014000b2f0 f   libucrtd:feoferr.obj
 0001:0000a670       ??$open_file@AEBQEBDAEBQEBDAEBHPEAU_iobuf@@@?$__crt_char_traits@D@@SAPEAU_iobuf@@AEBQEBD0AEBH$$QEAPEAU1@@Z 000000014000b670 f i libucrtd:fopen.obj
 0001:0000a6c0       ?unlock@__crt_stdio_stream@@QEBAXXZ 000000014000b6c0 f i libucrtd:fopen.obj
 0001:0000a6e0       fopen                      000000014000b6e0 f   libucrtd:fopen.obj
 0001:0000a710       ?__acrt_stdio_reset_buffer@@YAXV__crt_stdio_stream@@@Z 000000014000b710 f i libucrtd:fread.obj
 0001:0000a760       ?has_any_buffer@__crt_stdio_stream@@QEBA_NXZ 000000014000b760 f i libucrtd:fread.obj
 0001:0000a780       ?set_flags@__crt_stdio_stream@@QEBA_NJ@Z 000000014000b780 f i libucrtd:fread.obj
 0001:0000a7f0       _fread_nolock_s            000000014000b7f0 f   libucrtd:fread.obj
 0001:0000b1a0       fread                      000000014000c1a0 f   libucrtd:fread.obj
 0001:0000b1f0       fread_s                    000000014000c1f0 f   libucrtd:fread.obj
 0001:0000b480       ?LongLongSub@@YAJ_J0PEA_J@Z 000000014000c480 f i libucrtd:fseek.obj
 0001:0000bb90       ?has_all_of@__crt_stdio_stream@@QEBA_NJ@Z 000000014000cb90 f i libucrtd:fseek.obj
 0001:0000bbd0       ?lowio_handle@__crt_stdio_stream@@QEBAHXZ 000000014000cbd0 f i libucrtd:fseek.obj
 0001:0000bc00       ?unset_flags@__crt_stdio_stream@@QEBA_NJ@Z 000000014000cc00 f i libucrtd:fseek.obj
 0001:0000bc60       fseek                      000000014000cc60 f   libucrtd:fseek.obj
 0001:0000ca70       ?ctrl_z@__crt_stdio_stream@@QEBA_NXZ 000000014000da70 f i libucrtd:ftell.obj
 0001:0000ca90       ?has_big_buffer@__crt_stdio_stream@@QEBA_NXZ 000000014000da90 f i libucrtd:ftell.obj
 0001:0000cab0       ?has_crt_buffer@__crt_stdio_stream@@QEBA_NXZ 000000014000dab0 f i libucrtd:ftell.obj
 0001:0000cad0       ?has_setvbuf_buffer@__crt_stdio_stream@@QEBA_NXZ 000000014000dad0 f i libucrtd:ftell.obj
 0001:0000caf0       _ftelli64_nolock_internal  000000014000daf0 f   libucrtd:ftell.obj
 0001:0000cb20       _utf8_no_of_trailbytes     000000014000db20 f i libucrtd:ftell.obj
 0001:0000cb40       ftell                      000000014000db40 f   libucrtd:ftell.obj
 0001:0000ccc0       ??0__acrt_stdio_temporary_buffering_guard@@QEAA@QEAU_iobuf@@AEAV__crt_cached_ptd_host@@@Z 000000014000dcc0 f i libucrtd:fwrite.obj
 0001:0000cd10       ??1__acrt_stdio_temporary_buffering_guard@@QEAA@XZ 000000014000dd10 f i libucrtd:fwrite.obj
 0001:0000ce10       _fwrite_internal           000000014000de10 f   libucrtd:fwrite.obj
 0001:0000cf80       _fwrite_nolock_internal    000000014000df80 f   libucrtd:fwrite.obj
 0001:0000d7b0       fwrite                     000000014000e7b0 f   libucrtd:fwrite.obj
 0001:0000d920       _get_sys_err_msg           000000014000e920 f i libucrtd:perror.obj
 0001:0000d9d0       perror                     000000014000e9d0 f   libucrtd:perror.obj
 0001:0000da10       ??$?0AEBV?$stream_output_adapter@D@__crt_stdio_output@@AEB_KAEBQEBDAEAV__crt_cached_ptd_host@@AEBQEAD@?$standard_base@DV?$stream_output_adapter@D@__crt_stdio_output@@@__crt_stdio_output@@IEAA@AEBV?$stream_output_adapter@D@1@AEB_KAEBQEBDAEAV__crt_cached_ptd_host@@AEBQEAD@Z 000000014000ea10 f i libucrtd:output.obj
 0001:0000da10       ??$?0AEBV?$string_output_adapter@D@__crt_stdio_output@@AEB_KAEBQEBDAEAV__crt_cached_ptd_host@@AEBQEAD@?$standard_base@DV?$string_output_adapter@D@__crt_stdio_output@@@__crt_stdio_output@@IEAA@AEBV?$string_output_adapter@D@1@AEB_KAEBQEBDAEAV__crt_cached_ptd_host@@AEBQEAD@Z 000000014000ea10 f i libucrtd:output.obj
 0001:0000da80       ??$?0AEBV?$string_output_adapter@D@__crt_stdio_output@@AEB_KAEBQEBDAEAV__crt_cached_ptd_host@@AEBQEAD@?$format_validation_base@DV?$string_output_adapter@D@__crt_stdio_output@@@__crt_stdio_output@@IEAA@AEBV?$string_output_adapter@D@1@AEB_KAEBQEBDAEAV__crt_cached_ptd_host@@AEBQEAD@Z 000000014000ea80 f i libucrtd:output.obj
 0001:0000dad0       ??$?0AEBV?$string_output_adapter@_W@__crt_stdio_output@@AEB_KAEBQEB_WAEAV__crt_cached_ptd_host@@AEBQEAD@?$format_validation_base@_WV?$string_output_adapter@_W@__crt_stdio_output@@@__crt_stdio_output@@IEAA@AEBV?$string_output_adapter@_W@1@AEB_KAEBQEB_WAEAV__crt_cached_ptd_host@@AEBQEAD@Z 000000014000ead0 f i libucrtd:output.obj
 0001:0000db20       ??$?0AEBV?$string_output_adapter@_W@__crt_stdio_output@@AEB_KAEBQEB_WAEAV__crt_cached_ptd_host@@AEBQEAD@?$standard_base@_WV?$string_output_adapter@_W@__crt_stdio_output@@@__crt_stdio_output@@IEAA@AEBV?$string_output_adapter@_W@1@AEB_KAEBQEB_WAEAV__crt_cached_ptd_host@@AEBQEAD@Z 000000014000eb20 f i libucrtd:output.obj
 0001:0000dc40       ??$_tcstol_internal@DPEAPEAD$0A@@@YAJAEAV__crt_cached_ptd_host@@QEBDQEAPEADH@Z 000000014000ec40 f i libucrtd:output.obj
 0001:0000dc90       ??$_tcstol_internal@_WPEAPEA_W$0A@@@YAJAEAV__crt_cached_ptd_host@@QEB_WQEAPEA_WH@Z 000000014000ec90 f i libucrtd:output.obj
 0001:0000fa90       ??$count@D@formatting_buffer@__crt_stdio_output@@QEBA_KXZ 0000000140010a90 f i libucrtd:output.obj
 0001:0000fae0       ??$count@_W@formatting_buffer@__crt_stdio_output@@QEBA_KXZ 0000000140010ae0 f i libucrtd:output.obj
 0001:0000fb30       ??$data@D@formatting_buffer@__crt_stdio_output@@QEAAPEADXZ 0000000140010b30 f i libucrtd:output.obj
 0001:0000fb30       ??$data@_W@formatting_buffer@__crt_stdio_output@@QEAAPEA_WXZ 0000000140010b30 f i libucrtd:output.obj
 0001:0000fb80       ??$ensure_buffer_is_big_enough@D@formatting_buffer@__crt_stdio_output@@QEAA_N_KAEAV__crt_cached_ptd_host@@@Z 0000000140010b80 f i libucrtd:output.obj
 0001:0000fcc0       ??$ensure_buffer_is_big_enough@_W@formatting_buffer@__crt_stdio_output@@QEAA_N_KAEAV__crt_cached_ptd_host@@@Z 0000000140010cc0 f i libucrtd:output.obj
 0001:0000fe00       ??$extract_argument_from_va_list@C_J@?$standard_base@DV?$stream_output_adapter@D@__crt_stdio_output@@@__crt_stdio_output@@IEAA_NAEA_J@Z 0000000140010e00 f i libucrtd:output.obj
 0001:0000fe00       ??$extract_argument_from_va_list@C_J@?$standard_base@DV?$string_output_adapter@D@__crt_stdio_output@@@__crt_stdio_output@@IEAA_NAEA_J@Z 0000000140010e00 f i libucrtd:output.obj
 0001:0000fe00       ??$extract_argument_from_va_list@C_J@?$standard_base@_WV?$string_output_adapter@_W@__crt_stdio_output@@@__crt_stdio_output@@IEAA_NAEA_J@Z 0000000140010e00 f i libucrtd:output.obj
 0001:0000fe40       ??$extract_argument_from_va_list@E_J@?$standard_base@DV?$stream_output_adapter@D@__crt_stdio_output@@@__crt_stdio_output@@IEAA_NAEA_J@Z 0000000140010e40 f i libucrtd:output.obj
 0001:0000fe40       ??$extract_argument_from_va_list@E_J@?$standard_base@DV?$string_output_adapter@D@__crt_stdio_output@@@__crt_stdio_output@@IEAA_NAEA_J@Z 0000000140010e40 f i libucrtd:output.obj
 0001:0000fe40       ??$extract_argument_from_va_list@E_J@?$standard_base@_WV?$string_output_adapter@_W@__crt_stdio_output@@@__crt_stdio_output@@IEAA_NAEA_J@Z 0000000140010e40 f i libucrtd:output.obj
 0001:0000fe80       ??$extract_argument_from_va_list@F_J@?$standard_base@DV?$stream_output_adapter@D@__crt_stdio_output@@@__crt_stdio_output@@IEAA_NAEA_J@Z 0000000140010e80 f i libucrtd:output.obj
 0001:0000fe80       ??$extract_argument_from_va_list@F_J@?$standard_base@DV?$string_output_adapter@D@__crt_stdio_output@@@__crt_stdio_output@@IEAA_NAEA_J@Z 0000000140010e80 f i libucrtd:output.obj
 0001:0000fe80       ??$extract_argument_from_va_list@F_J@?$standard_base@_WV?$string_output_adapter@_W@__crt_stdio_output@@@__crt_stdio_output@@IEAA_NAEA_J@Z 0000000140010e80 f i libucrtd:output.obj
 0001:0000fec0       ??$extract_argument_from_va_list@GD@?$standard_base@DV?$stream_output_adapter@D@__crt_stdio_output@@@__crt_stdio_output@@IEAA_NAEAD@Z 0000000140010ec0 f i libucrtd:output.obj
 0001:0000fec0       ??$extract_argument_from_va_list@GD@?$standard_base@DV?$string_output_adapter@D@__crt_stdio_output@@@__crt_stdio_output@@IEAA_NAEAD@Z 0000000140010ec0 f i libucrtd:output.obj
 0001:0000fef0       ??$extract_argument_from_va_list@G_J@?$standard_base@DV?$stream_output_adapter@D@__crt_stdio_output@@@__crt_stdio_output@@IEAA_NAEA_J@Z 0000000140010ef0 f i libucrtd:output.obj
 0001:0000fef0       ??$extract_argument_from_va_list@G_J@?$standard_base@DV?$string_output_adapter@D@__crt_stdio_output@@@__crt_stdio_output@@IEAA_NAEA_J@Z 0000000140010ef0 f i libucrtd:output.obj
 0001:0000fef0       ??$extract_argument_from_va_list@G_J@?$standard_base@_WV?$string_output_adapter@_W@__crt_stdio_output@@@__crt_stdio_output@@IEAA_NAEA_J@Z 0000000140010ef0 f i libucrtd:output.obj
 0001:0000ff30       ??$extract_argument_from_va_list@H_J@?$standard_base@DV?$stream_output_adapter@D@__crt_stdio_output@@@__crt_stdio_output@@IEAA_NAEA_J@Z 0000000140010f30 f i libucrtd:output.obj
 0001:0000ff30       ??$extract_argument_from_va_list@H_J@?$standard_base@DV?$string_output_adapter@D@__crt_stdio_output@@@__crt_stdio_output@@IEAA_NAEA_J@Z 0000000140010f30 f i libucrtd:output.obj
 0001:0000ff30       ??$extract_argument_from_va_list@H_J@?$standard_base@_WV?$string_output_adapter@_W@__crt_stdio_output@@@__crt_stdio_output@@IEAA_NAEA_J@Z 0000000140010f30 f i libucrtd:output.obj
 0001:0000ff60       ??$extract_argument_from_va_list@I_J@?$standard_base@DV?$stream_output_adapter@D@__crt_stdio_output@@@__crt_stdio_output@@IEAA_NAEA_J@Z 0000000140010f60 f i libucrtd:output.obj
 0001:0000ff60       ??$extract_argument_from_va_list@I_J@?$standard_base@DV?$string_output_adapter@D@__crt_stdio_output@@@__crt_stdio_output@@IEAA_NAEA_J@Z 0000000140010f60 f i libucrtd:output.obj
 0001:0000ff60       ??$extract_argument_from_va_list@I_J@?$standard_base@_WV?$string_output_adapter@_W@__crt_stdio_output@@@__crt_stdio_output@@IEAA_NAEA_J@Z 0000000140010f60 f i libucrtd:output.obj
 0001:0000ff90       ??$extract_argument_from_va_list@PEADPEAD@?$standard_base@DV?$stream_output_adapter@D@__crt_stdio_output@@@__crt_stdio_output@@IEAA_NAEAPEAD@Z 0000000140010f90 f i libucrtd:output.obj
 0001:0000ff90       ??$extract_argument_from_va_list@PEADPEAD@?$standard_base@DV?$string_output_adapter@D@__crt_stdio_output@@@__crt_stdio_output@@IEAA_NAEAPEAD@Z 0000000140010f90 f i libucrtd:output.obj
 0001:0000ff90       ??$extract_argument_from_va_list@PEADPEAD@?$standard_base@_WV?$string_output_adapter@_W@__crt_stdio_output@@@__crt_stdio_output@@IEAA_NAEAPEAD@Z 0000000140010f90 f i libucrtd:output.obj
 0001:0000ff90       ??$extract_argument_from_va_list@PEAUansi_string@?1??type_case_Z@?$output_processor@DV?$stream_output_adapter@D@__crt_stdio_output@@V?$standard_base@DV?$stream_output_adapter@D@__crt_stdio_output@@@2@@__crt_stdio_output@@AEAA_NXZ@PEAU1?1??234@AEAA_NXZ@@?$standard_base@DV?$stream_output_adapter@D@__crt_stdio_output@@@__crt_stdio_output@@IEAA_NAEAPEAUansi_string@?1??type_case_Z@?$output_processor@DV?$stream_output_adapter@D@__crt_stdio_output@@V?$standard_base@DV?$stream_output_adapter@D@__crt_stdio_output@@@2@@1@AEAA_NXZ@@Z 0000000140010f90 f i libucrtd:output.obj
 0001:0000ff90       ??$extract_argument_from_va_list@PEAUansi_string@?1??type_case_Z@?$output_processor@DV?$string_output_adapter@D@__crt_stdio_output@@V?$format_validation_base@DV?$string_output_adapter@D@__crt_stdio_output@@@2@@__crt_stdio_output@@AEAA_NXZ@PEAU1?1??234@AEAA_NXZ@@?$standard_base@DV?$string_output_adapter@D@__crt_stdio_output@@@__crt_stdio_output@@IEAA_NAEAPEAUansi_string@?1??type_case_Z@?$output_processor@DV?$string_output_adapter@D@__crt_stdio_output@@V?$format_validation_base@DV?$string_output_adapter@D@__crt_stdio_output@@@2@@1@AEAA_NXZ@@Z 0000000140010f90 f i libucrtd:output.obj
 0001:0000ff90       ??$extract_argument_from_va_list@PEAUansi_string@?1??type_case_Z@?$output_processor@_WV?$string_output_adapter@_W@__crt_stdio_output@@V?$format_validation_base@_WV?$string_output_adapter@_W@__crt_stdio_output@@@2@@__crt_stdio_output@@AEAA_NXZ@PEAU1?1??234@AEAA_NXZ@@?$standard_base@_WV?$string_output_adapter@_W@__crt_stdio_output@@@__crt_stdio_output@@IEAA_NAEAPEAUansi_string@?1??type_case_Z@?$output_processor@_WV?$string_output_adapter@_W@__crt_stdio_output@@V?$format_validation_base@_WV?$string_output_adapter@_W@__crt_stdio_output@@@2@@1@AEAA_NXZ@@Z 0000000140010f90 f i libucrtd:output.obj
 0001:0000ff90       ??$extract_argument_from_va_list@PEAXPEAX@?$standard_base@DV?$stream_output_adapter@D@__crt_stdio_output@@@__crt_stdio_output@@IEAA_NAEAPEAX@Z 0000000140010f90 f i libucrtd:output.obj
 0001:0000ff90       ??$extract_argument_from_va_list@PEAXPEAX@?$standard_base@DV?$string_output_adapter@D@__crt_stdio_output@@@__crt_stdio_output@@IEAA_NAEAPEAX@Z 0000000140010f90 f i libucrtd:output.obj
 0001:0000ff90       ??$extract_argument_from_va_list@PEAXPEAX@?$standard_base@_WV?$string_output_adapter@_W@__crt_stdio_output@@@__crt_stdio_output@@IEAA_NAEAPEAX@Z 0000000140010f90 f i libucrtd:output.obj
 0001:0000ff90       ??$extract_argument_from_va_list@_J_J@?$standard_base@DV?$stream_output_adapter@D@__crt_stdio_output@@@__crt_stdio_output@@IEAA_NAEA_J@Z 0000000140010f90 f i libucrtd:output.obj
 0001:0000ff90       ??$extract_argument_from_va_list@_J_J@?$standard_base@DV?$string_output_adapter@D@__crt_stdio_output@@@__crt_stdio_output@@IEAA_NAEA_J@Z 0000000140010f90 f i libucrtd:output.obj
 0001:0000ff90       ??$extract_argument_from_va_list@_J_J@?$standard_base@_WV?$string_output_adapter@_W@__crt_stdio_output@@@__crt_stdio_output@@IEAA_NAEA_J@Z 0000000140010f90 f i libucrtd:output.obj
 0001:0000ff90       ??$extract_argument_from_va_list@_K_J@?$standard_base@DV?$stream_output_adapter@D@__crt_stdio_output@@@__crt_stdio_output@@IEAA_NAEA_J@Z 0000000140010f90 f i libucrtd:output.obj
 0001:0000ff90       ??$extract_argument_from_va_list@_K_J@?$standard_base@DV?$string_output_adapter@D@__crt_stdio_output@@@__crt_stdio_output@@IEAA_NAEA_J@Z 0000000140010f90 f i libucrtd:output.obj
 0001:0000ff90       ??$extract_argument_from_va_list@_K_J@?$standard_base@_WV?$string_output_adapter@_W@__crt_stdio_output@@@__crt_stdio_output@@IEAA_NAEA_J@Z 0000000140010f90 f i libucrtd:output.obj
 0001:0000ffc0       ??$extract_argument_from_va_list@U_CRT_DOUBLE@@U1@@?$standard_base@DV?$stream_output_adapter@D@__crt_stdio_output@@@__crt_stdio_output@@IEAA_NAEAU_CRT_DOUBLE@@@Z 0000000140010fc0 f i libucrtd:output.obj
 0001:0000ffc0       ??$extract_argument_from_va_list@U_CRT_DOUBLE@@U1@@?$standard_base@DV?$string_output_adapter@D@__crt_stdio_output@@@__crt_stdio_output@@IEAA_NAEAU_CRT_DOUBLE@@@Z 0000000140010fc0 f i libucrtd:output.obj
 0001:0000ffc0       ??$extract_argument_from_va_list@U_CRT_DOUBLE@@U1@@?$standard_base@_WV?$string_output_adapter@_W@__crt_stdio_output@@@__crt_stdio_output@@IEAA_NAEAU_CRT_DOUBLE@@@Z 0000000140010fc0 f i libucrtd:output.obj
 0001:00010010       ??$extract_argument_from_va_list@_W_W@?$standard_base@DV?$stream_output_adapter@D@__crt_stdio_output@@@__crt_stdio_output@@IEAA_NAEA_W@Z 0000000140011010 f i libucrtd:output.obj
 0001:00010010       ??$extract_argument_from_va_list@_W_W@?$standard_base@DV?$string_output_adapter@D@__crt_stdio_output@@@__crt_stdio_output@@IEAA_NAEA_W@Z 0000000140011010 f i libucrtd:output.obj
 0001:00010010       ??$extract_argument_from_va_list@_W_W@?$standard_base@_WV?$string_output_adapter@_W@__crt_stdio_output@@@__crt_stdio_output@@IEAA_NAEA_W@Z 0000000140011010 f i libucrtd:output.obj
 0001:00010040       ??$is_overflow_condition@K@__crt_strtox@@YA_NIK@Z 0000000140011040 f i libucrtd:output.obj
 0001:000100b0       ??$is_wide_character_specifier@D@__crt_stdio_output@@YA_N_KDW4length_modifier@0@@Z 00000001400110b0 f i libucrtd:output.obj
 0001:00010150       ??$is_wide_character_specifier@_W@__crt_stdio_output@@YA_N_K_WW4length_modifier@0@@Z 0000000140011150 f i libucrtd:output.obj
 0001:00010220       ??$make_c_string_character_source@DPEAPEAD@__crt_strtox@@YA?AV?$c_string_character_source@D@0@QEBDQEAPEAD@Z 0000000140011220 f i libucrtd:output.obj
 0001:00010220       ??$make_c_string_character_source@_WPEAPEA_W@__crt_strtox@@YA?AV?$c_string_character_source@_W@0@QEB_WQEAPEA_W@Z 0000000140011220 f i libucrtd:output.obj
 0001:00010260       ??$parse_integer@KV?$c_string_character_source@D@__crt_strtox@@$0A@@__crt_strtox@@YAKAEAV__crt_cached_ptd_host@@V?$c_string_character_source@D@0@H_N@Z 0000000140011260 f i libucrtd:output.obj
 0001:000106e0       ??$parse_integer@KV?$c_string_character_source@_W@__crt_strtox@@$0A@@__crt_strtox@@YAKAEAV__crt_cached_ptd_host@@V?$c_string_character_source@_W@0@H_N@Z 00000001400116e0 f i libucrtd:output.obj
 0001:00010b60       ??$puttc_nolock_internal@AEBDPEAU_iobuf@@AEAV__crt_cached_ptd_host@@@?$__crt_char_traits@D@@SAHAEBD$$QEAPEAU_iobuf@@AEAV__crt_cached_ptd_host@@@Z 0000000140011b60 f i libucrtd:output.obj
 0001:00010ba0       ??$read_va_arg@C@__crt_stdio_output@@YACAEAPEAD@Z 0000000140011ba0 f i libucrtd:output.obj
 0001:00010ba0       ??$read_va_arg@E@__crt_stdio_output@@YAEAEAPEAD@Z 0000000140011ba0 f i libucrtd:output.obj
 0001:00010c10       ??$read_va_arg@F@__crt_stdio_output@@YAFAEAPEAD@Z 0000000140011c10 f i libucrtd:output.obj
 0001:00010c10       ??$read_va_arg@G@__crt_stdio_output@@YAGAEAPEAD@Z 0000000140011c10 f i libucrtd:output.obj
 0001:00010c10       ??$read_va_arg@_W@__crt_stdio_output@@YA_WAEAPEAD@Z 0000000140011c10 f i libucrtd:output.obj
 0001:00010c80       ??$read_va_arg@H@__crt_stdio_output@@YAHAEAPEAD@Z 0000000140011c80 f i libucrtd:output.obj
 0001:00010c80       ??$read_va_arg@I@__crt_stdio_output@@YAIAEAPEAD@Z 0000000140011c80 f i libucrtd:output.obj
 0001:00010ce0       ??$read_va_arg@PEAD@__crt_stdio_output@@YAPEADAEAPEAD@Z 0000000140011ce0 f i libucrtd:output.obj
 0001:00010ce0       ??$read_va_arg@PEAUansi_string@?1??type_case_Z@?$output_processor@DV?$stream_output_adapter@D@__crt_stdio_output@@V?$standard_base@DV?$stream_output_adapter@D@__crt_stdio_output@@@2@@__crt_stdio_output@@AEAA_NXZ@@__crt_stdio_output@@YAPEAUansi_string@?1??type_case_Z@?$output_processor@DV?$stream_output_adapter@D@__crt_stdio_output@@V?$standard_base@DV?$stream_output_adapter@D@__crt_stdio_output@@@2@@0@AEAA_NXZ@AEAPEAD@Z 0000000140011ce0 f i libucrtd:output.obj
 0001:00010ce0       ??$read_va_arg@PEAUansi_string@?1??type_case_Z@?$output_processor@DV?$string_output_adapter@D@__crt_stdio_output@@V?$format_validation_base@DV?$string_output_adapter@D@__crt_stdio_output@@@2@@__crt_stdio_output@@AEAA_NXZ@@__crt_stdio_output@@YAPEAUansi_string@?1??type_case_Z@?$output_processor@DV?$string_output_adapter@D@__crt_stdio_output@@V?$format_validation_base@DV?$string_output_adapter@D@__crt_stdio_output@@@2@@0@AEAA_NXZ@AEAPEAD@Z 0000000140011ce0 f i libucrtd:output.obj
 0001:00010ce0       ??$read_va_arg@PEAUansi_string@?1??type_case_Z@?$output_processor@_WV?$string_output_adapter@_W@__crt_stdio_output@@V?$format_validation_base@_WV?$string_output_adapter@_W@__crt_stdio_output@@@2@@__crt_stdio_output@@AEAA_NXZ@@__crt_stdio_output@@YAPEAUansi_string@?1??type_case_Z@?$output_processor@_WV?$string_output_adapter@_W@__crt_stdio_output@@V?$format_validation_base@_WV?$string_output_adapter@_W@__crt_stdio_output@@@2@@0@AEAA_NXZ@AEAPEAD@Z 0000000140011ce0 f i libucrtd:output.obj
 0001:00010ce0       ??$read_va_arg@PEAX@__crt_stdio_output@@YAPEAXAEAPEAD@Z 0000000140011ce0 f i libucrtd:output.obj
 0001:00010ce0       ??$read_va_arg@U_CRT_DOUBLE@@@__crt_stdio_output@@YA?AU_CRT_DOUBLE@@AEAPEAD@Z 0000000140011ce0 f i libucrtd:output.obj
 0001:00010ce0       ??$read_va_arg@_J@__crt_stdio_output@@YA_JAEAPEAD@Z 0000000140011ce0 f i libucrtd:output.obj
 0001:00010ce0       ??$read_va_arg@_K@__crt_stdio_output@@YA_KAEAPEAD@Z 0000000140011ce0 f i libucrtd:output.obj
 0001:00010d50       ??$scratch_count@D@formatting_buffer@__crt_stdio_output@@QEBA_KXZ 0000000140011d50 f i libucrtd:output.obj
 0001:00010d70       ??$scratch_data@D@formatting_buffer@__crt_stdio_output@@QEAAPEADXZ 0000000140011d70 f i libucrtd:output.obj
 0001:00010de0       ??$type_case_integer@$07@?$output_processor@DV?$stream_output_adapter@D@__crt_stdio_output@@V?$standard_base@DV?$stream_output_adapter@D@__crt_stdio_output@@@2@@__crt_stdio_output@@AEAA_N_N@Z 0000000140011de0 f i libucrtd:output.obj
 0001:00011260       ??$type_case_integer@$07@?$output_processor@DV?$string_output_adapter@D@__crt_stdio_output@@V?$format_validation_base@DV?$string_output_adapter@D@__crt_stdio_output@@@2@@__crt_stdio_output@@AEAA_N_N@Z 0000000140012260 f i libucrtd:output.obj
 0001:000116e0       ??$type_case_integer@$07@?$output_processor@_WV?$string_output_adapter@_W@__crt_stdio_output@@V?$format_validation_base@_WV?$string_output_adapter@_W@__crt_stdio_output@@@2@@__crt_stdio_output@@AEAA_N_N@Z 00000001400126e0 f i libucrtd:output.obj
 0001:00011b60       ??$type_case_integer@$09@?$output_processor@DV?$stream_output_adapter@D@__crt_stdio_output@@V?$standard_base@DV?$stream_output_adapter@D@__crt_stdio_output@@@2@@__crt_stdio_output@@AEAA_N_N@Z 0000000140012b60 f i libucrtd:output.obj
 0001:00011fe0       ??$type_case_integer@$09@?$output_processor@DV?$string_output_adapter@D@__crt_stdio_output@@V?$format_validation_base@DV?$string_output_adapter@D@__crt_stdio_output@@@2@@__crt_stdio_output@@AEAA_N_N@Z 0000000140012fe0 f i libucrtd:output.obj
 0001:00012460       ??$type_case_integer@$09@?$output_processor@_WV?$string_output_adapter@_W@__crt_stdio_output@@V?$format_validation_base@_WV?$string_output_adapter@_W@__crt_stdio_output@@@2@@__crt_stdio_output@@AEAA_N_N@Z 0000000140013460 f i libucrtd:output.obj
 0001:000128e0       ??$type_case_integer@$0BA@@?$output_processor@DV?$stream_output_adapter@D@__crt_stdio_output@@V?$standard_base@DV?$stream_output_adapter@D@__crt_stdio_output@@@2@@__crt_stdio_output@@AEAA_N_N@Z 00000001400138e0 f i libucrtd:output.obj
 0001:00012d60       ??$type_case_integer@$0BA@@?$output_processor@DV?$string_output_adapter@D@__crt_stdio_output@@V?$format_validation_base@DV?$string_output_adapter@D@__crt_stdio_output@@@2@@__crt_stdio_output@@AEAA_N_N@Z 0000000140013d60 f i libucrtd:output.obj
 0001:000131e0       ??$type_case_integer@$0BA@@?$output_processor@_WV?$string_output_adapter@_W@__crt_stdio_output@@V?$format_validation_base@_WV?$string_output_adapter@_W@__crt_stdio_output@@@2@@__crt_stdio_output@@AEAA_N_N@Z 00000001400141e0 f i libucrtd:output.obj
 0001:00013660       ??$type_case_integer_parse_into_buffer@I$07@?$output_processor@DV?$stream_output_adapter@D@__crt_stdio_output@@V?$standard_base@DV?$stream_output_adapter@D@__crt_stdio_output@@@2@@__crt_stdio_output@@AEAAXI_N@Z 0000000140014660 f i libucrtd:output.obj
 0001:00013660       ??$type_case_integer_parse_into_buffer@I$07@?$output_processor@DV?$string_output_adapter@D@__crt_stdio_output@@V?$format_validation_base@DV?$string_output_adapter@D@__crt_stdio_output@@@2@@__crt_stdio_output@@AEAAXI_N@Z 0000000140014660 f i libucrtd:output.obj
 0001:00013790       ??$type_case_integer_parse_into_buffer@I$07@?$output_processor@_WV?$string_output_adapter@_W@__crt_stdio_output@@V?$format_validation_base@_WV?$string_output_adapter@_W@__crt_stdio_output@@@2@@__crt_stdio_output@@AEAAXI_N@Z 0000000140014790 f i libucrtd:output.obj
 0001:000138d0       ??$type_case_integer_parse_into_buffer@I$09@?$output_processor@DV?$stream_output_adapter@D@__crt_stdio_output@@V?$standard_base@DV?$stream_output_adapter@D@__crt_stdio_output@@@2@@__crt_stdio_output@@AEAAXI_N@Z 00000001400148d0 f i libucrtd:output.obj
 0001:000138d0       ??$type_case_integer_parse_into_buffer@I$09@?$output_processor@DV?$string_output_adapter@D@__crt_stdio_output@@V?$format_validation_base@DV?$string_output_adapter@D@__crt_stdio_output@@@2@@__crt_stdio_output@@AEAAXI_N@Z 00000001400148d0 f i libucrtd:output.obj
 0001:00013a00       ??$type_case_integer_parse_into_buffer@I$09@?$output_processor@_WV?$string_output_adapter@_W@__crt_stdio_output@@V?$format_validation_base@_WV?$string_output_adapter@_W@__crt_stdio_output@@@2@@__crt_stdio_output@@AEAAXI_N@Z 0000000140014a00 f i libucrtd:output.obj
 0001:00013b40       ??$type_case_integer_parse_into_buffer@I$0BA@@?$output_processor@DV?$stream_output_adapter@D@__crt_stdio_output@@V?$standard_base@DV?$stream_output_adapter@D@__crt_stdio_output@@@2@@__crt_stdio_output@@AEAAXI_N@Z 0000000140014b40 f i libucrtd:output.obj
 0001:00013b40       ??$type_case_integer_parse_into_buffer@I$0BA@@?$output_processor@DV?$string_output_adapter@D@__crt_stdio_output@@V?$format_validation_base@DV?$string_output_adapter@D@__crt_stdio_output@@@2@@__crt_stdio_output@@AEAAXI_N@Z 0000000140014b40 f i libucrtd:output.obj
 0001:00013c70       ??$type_case_integer_parse_into_buffer@I$0BA@@?$output_processor@_WV?$string_output_adapter@_W@__crt_stdio_output@@V?$format_validation_base@_WV?$string_output_adapter@_W@__crt_stdio_output@@@2@@__crt_stdio_output@@AEAAXI_N@Z 0000000140014c70 f i libucrtd:output.obj
 0001:00013db0       ??$type_case_integer_parse_into_buffer@_K$07@?$output_processor@DV?$stream_output_adapter@D@__crt_stdio_output@@V?$standard_base@DV?$stream_output_adapter@D@__crt_stdio_output@@@2@@__crt_stdio_output@@AEAAX_K_N@Z 0000000140014db0 f i libucrtd:output.obj
 0001:00013db0       ??$type_case_integer_parse_into_buffer@_K$07@?$output_processor@DV?$string_output_adapter@D@__crt_stdio_output@@V?$format_validation_base@DV?$string_output_adapter@D@__crt_stdio_output@@@2@@__crt_stdio_output@@AEAAX_K_N@Z 0000000140014db0 f i libucrtd:output.obj
 0001:00013ef0       ??$type_case_integer_parse_into_buffer@_K$07@?$output_processor@_WV?$string_output_adapter@_W@__crt_stdio_output@@V?$format_validation_base@_WV?$string_output_adapter@_W@__crt_stdio_output@@@2@@__crt_stdio_output@@AEAAX_K_N@Z 0000000140014ef0 f i libucrtd:output.obj
 0001:00014030       ??$type_case_integer_parse_into_buffer@_K$09@?$output_processor@DV?$stream_output_adapter@D@__crt_stdio_output@@V?$standard_base@DV?$stream_output_adapter@D@__crt_stdio_output@@@2@@__crt_stdio_output@@AEAAX_K_N@Z 0000000140015030 f i libucrtd:output.obj
 0001:00014030       ??$type_case_integer_parse_into_buffer@_K$09@?$output_processor@DV?$string_output_adapter@D@__crt_stdio_output@@V?$format_validation_base@DV?$string_output_adapter@D@__crt_stdio_output@@@2@@__crt_stdio_output@@AEAAX_K_N@Z 0000000140015030 f i libucrtd:output.obj
 0001:00014170       ??$type_case_integer_parse_into_buffer@_K$09@?$output_processor@_WV?$string_output_adapter@_W@__crt_stdio_output@@V?$format_validation_base@_WV?$string_output_adapter@_W@__crt_stdio_output@@@2@@__crt_stdio_output@@AEAAX_K_N@Z 0000000140015170 f i libucrtd:output.obj
 0001:000142b0       ??$type_case_integer_parse_into_buffer@_K$0BA@@?$output_processor@DV?$stream_output_adapter@D@__crt_stdio_output@@V?$standard_base@DV?$stream_output_adapter@D@__crt_stdio_output@@@2@@__crt_stdio_output@@AEAAX_K_N@Z 00000001400152b0 f i libucrtd:output.obj
 0001:000142b0       ??$type_case_integer_parse_into_buffer@_K$0BA@@?$output_processor@DV?$string_output_adapter@D@__crt_stdio_output@@V?$format_validation_base@DV?$string_output_adapter@D@__crt_stdio_output@@@2@@__crt_stdio_output@@AEAAX_K_N@Z 00000001400152b0 f i libucrtd:output.obj
 0001:000143f0       ??$type_case_integer_parse_into_buffer@_K$0BA@@?$output_processor@_WV?$string_output_adapter@_W@__crt_stdio_output@@V?$format_validation_base@_WV?$string_output_adapter@_W@__crt_stdio_output@@@2@@__crt_stdio_output@@AEAAX_K_N@Z 00000001400153f0 f i libucrtd:output.obj
 0001:00014530       ??$write_multiple_characters@V?$stream_output_adapter@D@__crt_stdio_output@@D@__crt_stdio_output@@YAXAEBV?$stream_output_adapter@D@0@DHQEAHAEAV__crt_cached_ptd_host@@@Z 0000000140015530 f i libucrtd:output.obj
 0001:000145a0       ??$write_multiple_characters@V?$string_output_adapter@D@__crt_stdio_output@@D@__crt_stdio_output@@YAXAEBV?$string_output_adapter@D@0@DHQEAHAEAV__crt_cached_ptd_host@@@Z 00000001400155a0 f i libucrtd:output.obj
 0001:00014610       ??$write_multiple_characters@V?$string_output_adapter@_W@__crt_stdio_output@@D@__crt_stdio_output@@YAXAEBV?$string_output_adapter@_W@0@DHQEAHAEAV__crt_cached_ptd_host@@@Z 0000000140015610 f i libucrtd:output.obj
 0001:00014680       ??0?$c_string_character_source@D@__crt_strtox@@QEAA@QEBDQEAPEBD@Z 0000000140015680 f i libucrtd:output.obj
 0001:00014680       ??0?$c_string_character_source@_W@__crt_strtox@@QEAA@QEB_WQEAPEB_W@Z 0000000140015680 f i libucrtd:output.obj
 0001:000146d0       ??0?$common_data@D@__crt_stdio_output@@IEAA@AEAV__crt_cached_ptd_host@@@Z 00000001400156d0 f i libucrtd:output.obj
 0001:00014790       ??0?$common_data@_W@__crt_stdio_output@@IEAA@AEAV__crt_cached_ptd_host@@@Z 0000000140015790 f i libucrtd:output.obj
 0001:00014850       ??0?$output_adapter_data@DV?$stream_output_adapter@D@__crt_stdio_output@@@__crt_stdio_output@@IEAA@AEBV?$stream_output_adapter@D@1@_KQEBDAEAV__crt_cached_ptd_host@@QEAD@Z 0000000140015850 f i libucrtd:output.obj
 0001:00014850       ??0?$output_adapter_data@DV?$string_output_adapter@D@__crt_stdio_output@@@__crt_stdio_output@@IEAA@AEBV?$string_output_adapter@D@1@_KQEBDAEAV__crt_cached_ptd_host@@QEAD@Z 0000000140015850 f i libucrtd:output.obj
 0001:000148d0       ??0?$output_adapter_data@_WV?$string_output_adapter@_W@__crt_stdio_output@@@__crt_stdio_output@@IEAA@AEBV?$string_output_adapter@_W@1@_KQEB_WAEAV__crt_cached_ptd_host@@QEAD@Z 00000001400158d0 f i libucrtd:output.obj
 0001:00014950       ??0?$output_processor@DV?$stream_output_adapter@D@__crt_stdio_output@@V?$standard_base@DV?$stream_output_adapter@D@__crt_stdio_output@@@2@@__crt_stdio_output@@QEAA@AEBV?$stream_output_adapter@D@1@_KQEBDAEAV__crt_cached_ptd_host@@QEAD@Z 0000000140015950 f i libucrtd:output.obj
 0001:000149a0       ??0?$output_processor@DV?$string_output_adapter@D@__crt_stdio_output@@V?$format_validation_base@DV?$string_output_adapter@D@__crt_stdio_output@@@2@@__crt_stdio_output@@QEAA@AEBV?$string_output_adapter@D@1@_KQEBDAEAV__crt_cached_ptd_host@@QEAD@Z 00000001400159a0 f i libucrtd:output.obj
 0001:000149f0       ??0?$output_processor@_WV?$string_output_adapter@_W@__crt_stdio_output@@V?$format_validation_base@_WV?$string_output_adapter@_W@__crt_stdio_output@@@2@@__crt_stdio_output@@QEAA@AEBV?$string_output_adapter@_W@1@_KQEB_WAEAV__crt_cached_ptd_host@@QEAD@Z 00000001400159f0 f i libucrtd:output.obj
 0001:00014a40       ??0?$stream_output_adapter@D@__crt_stdio_output@@QEAA@QEAU_iobuf@@@Z 0000000140015a40 f i libucrtd:output.obj
 0001:00014a80       ??0formatting_buffer@__crt_stdio_output@@QEAA@XZ 0000000140015a80 f i libucrtd:output.obj
 0001:00014ac0       ??0guard@?$cached@H@__crt_cached_ptd_host@@QEAA@AEAU12@@Z 0000000140015ac0 f i libucrtd:output.obj
 0001:00014b00       ??1?$c_string_character_source@D@__crt_strtox@@QEAA@XZ 0000000140015b00 f i libucrtd:output.obj
 0001:00014b00       ??1?$c_string_character_source@_W@__crt_strtox@@QEAA@XZ 0000000140015b00 f i libucrtd:output.obj
 0001:00014b30       ??1?$common_data@D@__crt_stdio_output@@QEAA@XZ 0000000140015b30 f i libucrtd:output.obj
 0001:00014b30       ??1?$common_data@_W@__crt_stdio_output@@QEAA@XZ 0000000140015b30 f i libucrtd:output.obj
 0001:00014b50       ??1?$format_validation_base@DV?$string_output_adapter@D@__crt_stdio_output@@@__crt_stdio_output@@QEAA@XZ 0000000140015b50 f i libucrtd:output.obj
 0001:00014b50       ??1?$format_validation_base@_WV?$string_output_adapter@_W@__crt_stdio_output@@@__crt_stdio_output@@QEAA@XZ 0000000140015b50 f i libucrtd:output.obj
 0001:00014b50       ??1?$output_processor@DV?$stream_output_adapter@D@__crt_stdio_output@@V?$standard_base@DV?$stream_output_adapter@D@__crt_stdio_output@@@2@@__crt_stdio_output@@QEAA@XZ 0000000140015b50 f i libucrtd:output.obj
 0001:00014b70       ??1?$output_adapter_data@DV?$stream_output_adapter@D@__crt_stdio_output@@@__crt_stdio_output@@QEAA@XZ 0000000140015b70 f i libucrtd:output.obj
 0001:00014b70       ??1?$output_adapter_data@DV?$string_output_adapter@D@__crt_stdio_output@@@__crt_stdio_output@@QEAA@XZ 0000000140015b70 f i libucrtd:output.obj
 0001:00014b70       ??1?$output_adapter_data@_WV?$string_output_adapter@_W@__crt_stdio_output@@@__crt_stdio_output@@QEAA@XZ 0000000140015b70 f i libucrtd:output.obj
 0001:00014b90       ??1?$output_processor@DV?$string_output_adapter@D@__crt_stdio_output@@V?$format_validation_base@DV?$string_output_adapter@D@__crt_stdio_output@@@2@@__crt_stdio_output@@QEAA@XZ 0000000140015b90 f i libucrtd:output.obj
 0001:00014b90       ??1?$output_processor@_WV?$string_output_adapter@_W@__crt_stdio_output@@V?$format_validation_base@_WV?$string_output_adapter@_W@__crt_stdio_output@@@2@@__crt_stdio_output@@QEAA@XZ 0000000140015b90 f i libucrtd:output.obj
 0001:00014bb0       ??1?$standard_base@DV?$stream_output_adapter@D@__crt_stdio_output@@@__crt_stdio_output@@QEAA@XZ 0000000140015bb0 f i libucrtd:output.obj
[...]
 0002:00015688       $unwind$??$common_expand_argv_wildcards@D@@YAHQEAPEADQEAPEAPEAD@Z 0000000140064688     libucrtd:argv_wildcards.obj
 0002:00015690       $unwind$??$tcspbrk@AEAPEADAEAY02$$CBD@?$__crt_char_traits@D@@SAPEADAEAPEADAEAY02$$CBD@Z 0000000140064690     libucrtd:argv_wildcards.obj
 0002:000156a0       $ip2state$??$tcspbrk@AEAPEADAEAY02$$CBD@?$__crt_char_traits@D@@SAPEADAEAPEADAEAY02$$CBD@Z 00000001400646a0     libucrtd:argv_wildcards.obj
 0002:000156a8       $unwind$??$expand_argument_wildcards@D@@YAHQEAD0AEAV?$argument_list@D@?A0x5f5c8891@@@Z 00000001400646a8     libucrtd:argv_wildcards.obj
 0002:000156c0       $ip2state$??$expand_argument_wildcards@D@@YAHQEAD0AEAV?$argument_list@D@?A0x5f5c8891@@@Z 00000001400646c0     libucrtd:argv_wildcards.obj
 0002:000156c8       $unwind$__acrt_GetModuleFileNameA 00000001400646c8     libucrtd:getmodulefilenamea.obj
 0002:000156d8       $unwind$??1?$__crt_win32_buffer@DU__crt_win32_buffer_no_resizing@@@@QEAA@XZ 00000001400646d8     libucrtd:getmodulefilenamea.obj
 0002:000156e8       $ip2state$??1?$__crt_win32_buffer@DU__crt_win32_buffer_no_resizing@@@@QEAA@XZ 00000001400646e8     libucrtd:getmodulefilenamea.obj
 0002:000156f0       $unwind$_setmbcp_nolock    00000001400646f0     libucrtd:mbctype.obj
 0002:00015700       $unwind$_commit            0000000140064700     libucrtd:commit.obj
 0002:00015700       $unwind$?getSystemCP@@YAHH@Z 0000000140064700     libucrtd:mbctype.obj
 0002:00015708       $unwind$?update_thread_multibyte_data_internal@@YAPEAU__crt_multibyte_data@@QEAU__acrt_ptd@@QEAPEAU1@@Z 0000000140064708     libucrtd:mbctype.obj
 0002:00015728       $unwind$?setmbcp_internal@@YAHH_NQEAU__acrt_ptd@@QEAPEAU__crt_multibyte_data@@@Z 0000000140064728     libucrtd:mbctype.obj
 0002:00015740       $ip2state$?setmbcp_internal@@YAHH_NQEAU__acrt_ptd@@QEAPEAU__crt_multibyte_data@@@Z 0000000140064740     libucrtd:mbctype.obj
 0002:00015748       $unwind$??$__acrt_lock_and_call@V<lambda_bd5a608237428601b7e45fbdc72b1ae8>@@@@YAXW4__acrt_lock_id@@$$QEAV<lambda_bd5a608237428601b7e45fbdc72b1ae8>@@@Z 0000000140064748     libucrtd:mbctype.obj
 0002:00015758       $ip2state$??$__acrt_lock_and_call@V<lambda_bd5a608237428601b7e45fbdc72b1ae8>@@@@YAXW4__acrt_lock_id@@$$QEAV<lambda_bd5a608237428601b7e45fbdc72b1ae8>@@@Z 0000000140064758     libucrtd:mbctype.obj
 0002:00015760       $unwind$?setSBUpLow@@YAXPEAU__crt_multibyte_data@@@Z 0000000140064760     libucrtd:mbctype.obj
 0002:00015770       $unwind$??$?RV<lambda_efa02eb69bf647d2f7ff0dd6f1103f72>@@AEAV<lambda_bd5a608237428601b7e45fbdc72b1ae8>@@V<lambda_728235dc0fc2b1f82d1fa5b3e7102d8f>@@@?$__crt_seh_guarded_call@X@@QEAAX$$QEAV<lambda_efa02eb69bf647d2f7ff0dd6f1103f72>@@AEAV<lambda_bd5a608237428601b7e45fbdc72b1ae8>@@$$QEAV<lambda_728235dc0fc2b1f82d1fa5b3e7102d8f>@@@Z 0000000140064770     libucrtd:mbctype.obj
 0002:00015790       $unwind$__acrt_MultiByteToWideChar 0000000140064790     libucrtd:multibytetowidechar.obj
 0002:00015798       $unwind$__acrt_WideCharToMultiByte 0000000140064798     libucrtd:widechartomultibyte.obj
 0002:000157a0       $unwind$__dcrt_get_narrow_environment_from_os 00000001400647a0     libucrtd:get_environment_from_os.obj
 0002:000157a8       $unwind$??$common_set_variable_in_environment_nolock@D@@YAHQEADH@Z 00000001400647a8     libucrtd:setenv.obj
 0002:000157b0       $unwind$??$tcschr@AEBQEADD@?$__crt_char_traits@D@@SAPEADAEBQEAD$$QEAD@Z 00000001400647b0     libucrtd:setenv.obj
 0002:000157c0       $ip2state$??$tcschr@AEBQEADD@?$__crt_char_traits@D@@SAPEADAEBQEAD$$QEAD@Z 00000001400647c0     libucrtd:setenv.obj
 0002:000157c8       $unwind$_isctype_l         00000001400647c8     libucrtd:isctype.obj
 0002:000157dc       $unwind$__acrt_GetStringTypeA 00000001400647dc     libucrtd:getstringtypea.obj
 0002:000157e4       $unwind$__acrt_update_thread_locale_data 00000001400647e4     libucrtd:locale_refcounting.obj
 0002:00015804       $unwind$_query_new_handler 0000000140064804     libucrtd:new_handler.obj
 0002:00015824       $unwind$raise              0000000140064824     libucrtd:signal.obj
 0002:00015844       $unwind$??$__acrt_lock_and_call@V<lambda_44731a7d0e6d81c3e6aa82d741081786>@@@@YAP6AXH@ZW4__acrt_lock_id@@$$QEAV<lambda_44731a7d0e6d81c3e6aa82d741081786>@@@Z 0000000140064844     libucrtd:signal.obj
 0002:00015858       $ip2state$??$__acrt_lock_and_call@V<lambda_44731a7d0e6d81c3e6aa82d741081786>@@@@YAP6AXH@ZW4__acrt_lock_id@@$$QEAV<lambda_44731a7d0e6d81c3e6aa82d741081786>@@@Z 0000000140064858     libucrtd:signal.obj
 0002:00015860       $unwind$??$?RV<lambda_450d765d439847d4c735a33c368b5fc0>@@AEAV<lambda_44731a7d0e6d81c3e6aa82d741081786>@@V<lambda_601a2a7da3b7a96e9554ac7215c4b07c>@@@?$__crt_seh_guarded_call@P6AXH@Z@@QEAAP6AXH@Z$$QEAV<lambda_450d765d439847d4c735a33c368b5fc0>@@AEAV<lambda_44731a7d0e6d81c3e6aa82d741081786>@@$$QEAV<lambda_601a2a7da3b7a96e9554ac7215c4b07c>@@@Z 0000000140064860     libucrtd:signal.obj
 0002:00015880       $unwind$_VCrtDbgReportA    0000000140064880     libucrtd:dbgrptt.obj
 0002:000158b8       $unwind$_VCrtDbgReportW    00000001400648b8     libucrtd:dbgrptt.obj
 0002:000158f0       $unwind$??$__acrt_lowio_lock_fh_and_call@V<lambda_3e4146214822e0ea86c47ff907aef2ff>@@@@YAHH$$QEAV<lambda_3e4146214822e0ea86c47ff907aef2ff>@@@Z 00000001400648f0     libucrtd:commit.obj
 0002:00015900       $ip2state$??$__acrt_lowio_lock_fh_and_call@V<lambda_3e4146214822e0ea86c47ff907aef2ff>@@@@YAHH$$QEAV<lambda_3e4146214822e0ea86c47ff907aef2ff>@@@Z 0000000140064900     libucrtd:commit.obj
 0002:00015908       $unwind$??$?RV<lambda_7d29013d608e9f25a034de83c9b9e983>@@AEAV<lambda_3e4146214822e0ea86c47ff907aef2ff>@@V<lambda_b869e5a4e1069fcb5c3da79c0d999133>@@@?$__crt_seh_guarded_call@H@@QEAAH$$QEAV<lambda_7d29013d608e9f25a034de83c9b9e983>@@AEAV<lambda_3e4146214822e0ea86c47ff907aef2ff>@@$$QEAV<lambda_b869e5a4e1069fcb5c3da79c0d999133>@@@Z 0000000140064908     libucrtd:commit.obj
 0002:00015928       $unwind$_wsopen_nolock     0000000140064928     libucrtd:open.obj
 0002:0001593c       $unwind$??$common_sopen_dispatch@D@@YAHQEBDHHHQEAHH@Z 000000014006493c     libucrtd:open.obj
 0002:0001595c       $unwind$?decode_sharing_flags@@YAKHH@Z 000000014006495c     libucrtd:open.obj
 0002:00015964       $unwind$?decode_options@@YA?AUfile_options@?A0xa9d50aae@@HHH@Z 0000000140064964     libucrtd:open.obj
 0002:00015978       $unwind$__acrt_fltout      0000000140064978     libucrtd:cfout.obj
 0002:00015978       $unwind$?configure_text_mode@@YAHHUfile_options@?A0xa9d50aae@@HAEAW4__crt_lowio_text_mode@@@Z 0000000140064978     libucrtd:open.obj
 0002:00015980       $unwind$?make_big_integer@__crt_strtox@@YA?AUbig_integer@1@_K@Z 0000000140064980     libucrtd:cfout.obj
 0002:00015990       $unwind$?make_big_integer_power_of_two@__crt_strtox@@YA?AUbig_integer@1@I@Z 0000000140064990     libucrtd:cfout.obj
 0002:000159a0       $unwind$?shift_left@__crt_strtox@@YA_NAEAUbig_integer@1@I@Z 00000001400649a0     libucrtd:cfout.obj
 0002:000159b0       $unwind$?add_multiply_carry@__crt_strtox@@YAIAEAIIII@Z 00000001400649b0     libucrtd:cfout.obj
 0002:000159b8       $unwind$?multiply@__crt_strtox@@YA_NAEAUbig_integer@1@I@Z 00000001400649b8     libucrtd:cfout.obj
 0002:000159c8       $unwind$?multiply@__crt_strtox@@YA_NAEAUbig_integer@1@AEBU21@@Z 00000001400649c8     libucrtd:cfout.obj
 0002:000159d8       $unwind$?multiply_by_power_of_ten@__crt_strtox@@YA_NAEAUbig_integer@1@I@Z 00000001400649d8     libucrtd:cfout.obj
 0002:000159e8       $unwind$?divide@__crt_strtox@@YA_KAEAUbig_integer@1@AEBU21@@Z 00000001400649e8     libucrtd:cfout.obj
 0002:000159f8       $unwind$??$convert_to_fos_high_precision@N@@YA?AW4__acrt_has_trailing_digits@@NIW4__acrt_precision_style@@QEAHQEAD_K@Z 00000001400649f8     libucrtd:cfout.obj
 0002:00015a08       $unwind$?__c32rtomb_utf8@__crt_mbstring@@YA_KPEAD_UPEAU_Mbstatet@@AEAV__crt_cached_ptd_host@@@Z 0000000140064a08     libucrtd:c32rtomb.obj
 0002:00015a10       $unwind$__acrt_OutputDebugStringA 0000000140064a10     libucrtd:outputdebugstringa.obj
 0002:00015a24       $unwind$qsort              0000000140064a24     libucrtd:qsort.obj
 0002:00015a34       $unwind$?shortsort@@YAXPEAD0_KP6AHPEBX2@Z@Z 0000000140064a34     libucrtd:qsort.obj
 0002:00015a44       $stateUnwindMap$?shortsort@@YAXPEAD0_KP6AHPEBX2@Z@Z 0000000140064a44     libucrtd:qsort.obj
 0002:00015a50       $ip2state$?shortsort@@YAXPEAD0_KP6AHPEBX2@Z@Z 0000000140064a50     libucrtd:qsort.obj
 0002:00015a68       $unwind$strpbrk            0000000140064a68     libucrtd:strpbrk.obj
 0002:00015a70       $unwind$fallbackMethod     0000000140064a70     libucrtd:strpbrk.obj
 0002:00015a80       $unwind$_mbsdec_l          0000000140064a80     libucrtd:mbsdec.obj
 0002:00015a88       $unwind$?__acrt_LCMapStringA_stat@@YAHPEAU__crt_locale_pointers@@PEB_WKPEBDHPEADHHH@Z 0000000140064a88     libucrtd:lcmapstringa.obj
 0002:00015a90       $unwind$__acrt_SetEnvironmentVariableA 0000000140064a90     libucrtd:setenvironmentvariablea.obj
 0002:00015a98       $unwind$?_mbstowcs_l_helper@@YA_KPEA_WPEBD_KAEAV__crt_cached_ptd_host@@@Z 0000000140064a98     libucrtd:mbstowcs.obj
 0002:00015ab0       $ip2state$?_mbstowcs_l_helper@@YA_KPEA_WPEBD_KAEAV__crt_cached_ptd_host@@@Z 0000000140064ab0     libucrtd:mbstowcs.obj
 0002:00015ab8       $unwind$?_wcstombs_l_helper@@YA_KPEADPEB_W_KAEAV__crt_cached_ptd_host@@@Z 0000000140064ab8     libucrtd:wcstombs.obj
 0002:00015acc       $unwind$_chsize_nolock     0000000140064acc     libucrtd:chsize.obj
 0002:00015ad4       $unwind$_chsize_nolock_internal 0000000140064ad4     libucrtd:chsize.obj
 0002:00015adc       $unwind$?__mbrtoc32_utf8@__crt_mbstring@@YA_KPEA_UPEBD_KPEAU_Mbstatet@@AEAV__crt_cached_ptd_host@@@Z 0000000140064adc     libucrtd:mbrtoc32.obj
 0002:00015aec       $unwind$??$console_output_reopen_and_retry@V<lambda_61c1b8a38cedca4df5fdc542e6ccae6d>@@@@YAHAEBV<lambda_61c1b8a38cedca4df5fdc542e6ccae6d>@@@Z 0000000140064aec     libucrtd:initcon.obj
 0002:00015b00       $ip2state$??$console_output_reopen_and_retry@V<lambda_61c1b8a38cedca4df5fdc542e6ccae6d>@@@@YAHAEBV<lambda_61c1b8a38cedca4df5fdc542e6ccae6d>@@@Z 0000000140064b00     libucrtd:initcon.obj
 0002:00015b08       $xdatasym                  0000000140064b08     libucrtd:log10.obj
 0002:00015b14       $unwind$ceil               0000000140064b14     libucrtd:ceil.obj
 0002:00015b1c       $unwind$?return_illegal_sequence@__crt_mbstring@@YA_KPEAU_Mbstatet@@AEAV__crt_cached_ptd_host@@@Z 0000000140064b1c     libucrtd:common_utf8.obj
 0002:00015b24       $unwind$?reset_and_return@__crt_mbstring@@YA_K_KPEAU_Mbstatet@@@Z 0000000140064b24     libucrtd:common_utf8.obj
 0002:00015b2c       $unwind$?InternalCompareStringA@@YAHPEAU__crt_locale_pointers@@PEB_WKPEBDH2HH@Z 0000000140064b2c     libucrtd:comparestringa.obj
 0002:00015b3c       $unwind$?__wcsrtombs_utf8@__crt_mbstring@@YA_KPEADPEAPEB_W_KPEAU_Mbstatet@@AEAV__crt_cached_ptd_host@@@Z 0000000140064b3c     libucrtd:wcrtomb.obj
 0002:00015b4c       $unwind$__acrt_initialize_fma3 0000000140064b4c     libucrtd:fma3_available.obj
 0002:00015b5c       $unwind$_log_special_common 0000000140064b5c     libucrtd:log_special.obj
 0002:00015b6c       $unwind$_log10_special     0000000140064b6c     libucrtd:log_special.obj
 0002:00015b74       $unwind$_handle_error      0000000140064b74     libucrtd:libm_error.obj
 0002:00015b84       $unwind$common_control87   0000000140064b84     libucrtd:ieee.obj
 0002:00015ba4       $unwind$?__c16rtomb_utf8@__crt_mbstring@@YA_KPEAD_SPEAU_Mbstatet@@AEAV__crt_cached_ptd_host@@@Z 0000000140064ba4     libucrtd:c16rtomb.obj
 0002:00015bac       $unwind$_ctrlfp            0000000140064bac     libucrtd:fpctrl.obj
 0002:00015bd0       $xdatasym                  0000000140064bd0     libucrtd:fpsr.obj
 0002:00015bd8       $unwind$_IsNonwritableInCurrentImage 0000000140064bd8     LIBCMTD:pesect.obj
 0002:00015bf8       $xdatasym                  0000000140064bf8     LIBCMTD:chkstk.obj
 0002:00015c00       $xdatasym                  0000000140064c00     libvcruntimed:memcmp.obj
 0002:000160b8       .idata$6                   00000001400650b8     kernel32:KERNEL32.dll
 0003:00000130       ?__vcrt_flsindex@@3KA      0000000140066130     libvcruntimed:per_thread_data.obj
 0003:00000248       ?__acrt_current_request_number@@3JA 0000000140066248     libucrtd:debug_heap.obj
 0003:00000270       ?errno_no_memory@@3HA      0000000140066270     libucrtd:errno.obj
 0003:00000274       ?doserrno_no_memory@@3KA   0000000140066274     libucrtd:errno.obj
 0003:000002c8       ?__acrt_flsindex@@3KA      00000001400662c8     libucrtd:per_thread_data.obj
 0003:00000540       ?__acrt_debug_fill_threshold@@3_KA 0000000140066540     libucrtd:debug_fill_threshold.obj
 0003:00000780       _mbctypes                  0000000140066780     libucrtd:mbctype.obj
 0003:00000890       _mbcasemaps                0000000140066890     libucrtd:mbctype.obj
 0003:00000990       ?__rgctypeflag@@3PADA      0000000140066990     libucrtd:mbctype.obj
 0003:000009a0       ?__rgcode_page_info@@3PAUcode_page_info@@A 00000001400669a0     libucrtd:mbctype.obj
 0003:00000b70       ?__dcrt_lowio_console_output_handle@@3PEAXEA 0000000140066b70     libucrtd:initcon.obj
 0003:00000b80       ?dazSupported@?1??common_control87@@9@9 0000000140066b80     libucrtd:ieee.obj
 0003:00000b81       ?dazSupported@?1??_ctrlfp@@9@9 0000000140066b81     libucrtd:fpctrl.obj
 0003:00000c20       GS_ExceptionRecord         0000000140066c20     LIBCMTD:gs_report.obj
 0003:00000cc0       GS_ContextRecord           0000000140066cc0     LIBCMTD:gs_report.obj
 0003:000011a0       ?is_initialized_as_dll@@3_NA 00000001400671a0     LIBCMTD:utility.obj
 0003:000011a1       ?module_local_atexit_table_initialized@@3_NA 00000001400671a1     LIBCMTD:utility.obj
 0003:000011a8       ?module_local_atexit_table@@3U_onexit_table_t@@A 00000001400671a8     LIBCMTD:utility.obj
 0003:000011c0       ?module_local_at_quick_exit_table@@3U_onexit_table_t@@A 00000001400671c0     LIBCMTD:utility.obj
 0003:00001210       ?__vcrt_startup_thread_ptd@@3U__vcrt_ptd@@A 0000000140067210     libvcruntimed:per_thread_data.obj
 0003:00001290       __vcrt_lock_table          0000000140067290     libvcruntimed:locks.obj
 0003:000012b8       __vcrt_locks_initialized   00000001400672b8     libvcruntimed:locks.obj
 0003:00001300       ?heap@@3V_HeapManager@@A   0000000140067300     libvcruntimed:undname.obj
 0003:00001328       ?module_handles@@3PAPEAUHINSTANCE__@@A 0000000140067328     libvcruntimed:winapi_downlevel.obj
 0003:00001340       ?function_pointers@@3PAPEAXA 0000000140067340     libvcruntimed:winapi_downlevel.obj
 0003:00001384       ?__acrt_app_type@@3W4_crt_app_type@@A 0000000140067384     libucrtd:report_runtime_error.obj
 0003:00001390       ?outmsg@?9??__acrt_report_runtime_error@@9@4PA_WA 0000000140067390     libucrtd:report_runtime_error.obj
 0003:000019b8       ?user_matherr@@3V?$dual_state_global@P6AHPEAU_exception@@@Z@__crt_state_management@@A 00000001400679b8     libucrtd:matherr.obj
 0003:000019c0       ?program_name@?1???$common_configure_argv@D@@YAHW4_crt_argv_mode@@@Z@4PADA 00000001400679c0     libucrtd:argv_parsing.obj
 0003:00001ae8       ?c_termination_complete@@3JA 0000000140067ae8     libucrtd:exit.obj
 0003:00001af0       ?thread_local_exit_callback_func@@3P6AXPEAXK0@ZEA 0000000140067af0     libucrtd:exit.obj
 0003:00001b34       ?__acrt_global_new_mode@@3V?$dual_state_global@J@__crt_state_management@@A 0000000140067b34     libucrtd:new_mode.obj
 0003:00001b70       ?__acrt_first_block@@3PEAU_CrtMemBlockHeader@@EA 0000000140067b70     libucrtd:debug_heap.obj
 0003:00001b78       ?__acrt_last_block@@3PEAU_CrtMemBlockHeader@@EA 0000000140067b78     libucrtd:debug_heap.obj
 0003:00001b80       ?__acrt_total_allocations@@3_KA 0000000140067b80     libucrtd:debug_heap.obj
 0003:00001b88       ?__acrt_current_allocations@@3_KA 0000000140067b88     libucrtd:debug_heap.obj
 0003:00001b90       ?__acrt_max_allocations@@3_KA 0000000140067b90     libucrtd:debug_heap.obj
 0003:00001b98       ?__acrt_check_frequency@@3IA 0000000140067b98     libucrtd:debug_heap.obj
 0003:00001b9c       ?__acrt_check_counter@@3IA 0000000140067b9c     libucrtd:debug_heap.obj
 0003:00001ba8       ?heap_validation_pending@@3_NA 0000000140067ba8     libucrtd:debug_heap.obj
 0003:00001bb0       ?__acrt_invalid_parameter_handler@@3V?$dual_state_global@P6AXPEB_W00I_K@Z@__crt_state_management@@A 0000000140067bb0     libucrtd:invalid_parameter.obj
 0003:00001bc0       ?module_handles@@3PAPEAUHINSTANCE__@@A 0000000140067bc0     libucrtd:winapi_thunks.obj
 0003:00001c60       ?encoded_function_pointers@@3PAPEAXA 0000000140067c60     libucrtd:winapi_thunks.obj
 0003:00002170       ?internal_state@?1??_mbtowc_internal@@9@4U_Mbstatet@@A 0000000140068170     libucrtd:mbtowc.obj
 0003:00002178       ?enable_percent_n@@3_KA    0000000140068178     libucrtd:printf_count_output.obj
 0003:00002180       __acrt_error_mode          0000000140068180     libucrtd:set_error_mode.obj
 0003:000021a0       ?fSystemSet@@3HA           00000001400681a0     libucrtd:mbctype.obj
 0003:000021a4       ?initialized@?1??__acrt_initialize_multibyte@@9@4_NA 00000001400681a4     libucrtd:mbctype.obj
 0003:000021b0       ?__acrt_lock_table@@3PAU_RTL_CRITICAL_SECTION@@A 00000001400681b0     libucrtd:locks.obj
 0003:000023e0       ?__acrt_locks_initialized@@3IA 00000001400683e0     libucrtd:locks.obj
 0003:000023e4       ?state_cache@?1???$get_cached_win_policy@Udeveloper_information_policy_properties@?1??__acrt_get_developer_information_policy@@YA?AW4developer_information_policy@@XZ@@@YA?AW4developer_information_policy@@W4AppPolicyShowDeveloperDiagnostic@@@Z@4JA 00000001400683e4     libucrtd:win_policies.obj
 0003:000023e8       ?state_cache@?1???$get_cached_win_policy@Uwindowing_model_policy_properties@?1??__acrt_get_windowing_model_policy@@YA?AW4windowing_model_policy@@XZ@@@YA?AW4windowing_model_policy@@W4AppPolicyWindowingModel@@@Z@4JA 00000001400683e8     libucrtd:win_policies.obj
 0003:00002400       ?__acrt_new_handler@@3V?$dual_state_global@P6AH_K@Z@__crt_state_management@@A 0000000140068400     libucrtd:new_handler.obj
 0003:00002408       ?ctrlc_action@@3V?$dual_state_global@P6AXH@Z@__crt_state_management@@A 0000000140068408     libucrtd:signal.obj
 0003:00002410       ?ctrlbreak_action@@3V?$dual_state_global@P6AXH@Z@__crt_state_management@@A 0000000140068410     libucrtd:signal.obj
 0003:00002418       ?abort_action@@3V?$dual_state_global@P6AXH@Z@__crt_state_management@@A 0000000140068418     libucrtd:signal.obj
 0003:00002420       ?term_action@@3V?$dual_state_global@P6AXH@Z@__crt_state_management@@A 0000000140068420     libucrtd:signal.obj
 0003:00002448       ?internal_pst@?1??__mbrtoc32_utf8@__crt_mbstring@@YA_KPEA_UPEBD_KPEAU_Mbstatet@@AEAV__crt_cached_ptd_host@@@Z@4U3@A 0000000140068448     libucrtd:mbrtoc32.obj
 0003:00002458       ?internal_pst@?1??__c16rtomb_utf8@__crt_mbstring@@YA_KPEAD_SPEAU_Mbstatet@@AEAV__crt_cached_ptd_host@@@Z@4U3@A 0000000140068458     libucrtd:c16rtomb.obj
 0005:00000000       SetSmall                   000000014006d000     libvcruntimed:memset.obj
 0005:00000040       SetSmallYmm                000000014006d040     libvcruntimed:memset.obj
 0005:00000064       SetSmallYmmNT              000000014006d064     libvcruntimed:memset.obj
 0005:00000088       SetSmallXmm                000000014006d088     libvcruntimed:memset.obj
 0005:000000b0       MoveSmall                  000000014006d0b0     libvcruntimed:memcpy.obj
 0005:000000f0       MoveSmallYmm               000000014006d0f0     libvcruntimed:memcpy.obj
 0005:00000114       MoveSmallYmmNT             000000014006d114     libvcruntimed:memcpy.obj
 0005:00000138       MoveSmallXmm               000000014006d138     libvcruntimed:memcpy.obj
